Component: ARM Compiler 5.06 update 5 (build 528) Tool: armlink [4d35e2]

==============================================================================

Section Cross References

    startup_stm32f10x_md.o(STACK) refers (Special) to heapauxi.o(.text) for __use_two_region_memory
    startup_stm32f10x_md.o(HEAP) refers (Special) to heapauxi.o(.text) for __use_two_region_memory
    startup_stm32f10x_md.o(RESET) refers (Special) to heapauxi.o(.text) for __use_two_region_memory
    startup_stm32f10x_md.o(RESET) refers to startup_stm32f10x_md.o(STACK) for __initial_sp
    startup_stm32f10x_md.o(RESET) refers to startup_stm32f10x_md.o(.text) for Reset_Handler
    startup_stm32f10x_md.o(RESET) refers to stm32f10x_it.o(i.NMI_Handler) for NMI_Handler
    startup_stm32f10x_md.o(RESET) refers to stm32f10x_it.o(i.HardFault_Handler) for HardFault_Handler
    startup_stm32f10x_md.o(RESET) refers to stm32f10x_it.o(i.MemManage_Handler) for MemManage_Handler
    startup_stm32f10x_md.o(RESET) refers to stm32f10x_it.o(i.BusFault_Handler) for BusFault_Handler
    startup_stm32f10x_md.o(RESET) refers to stm32f10x_it.o(i.UsageFault_Handler) for UsageFault_Handler
    startup_stm32f10x_md.o(RESET) refers to port.o(.emb_text) for SVC_Handler
    startup_stm32f10x_md.o(RESET) refers to stm32f10x_it.o(i.DebugMon_Handler) for DebugMon_Handler
    startup_stm32f10x_md.o(RESET) refers to port.o(i.SysTick_Handler) for SysTick_Handler
    startup_stm32f10x_md.o(RESET) refers to infrared.o(i.EXTI9_5_IRQHandler) for EXTI9_5_IRQHandler
    startup_stm32f10x_md.o(RESET) refers to main.o(i.TIM2_IRQHandler) for TIM2_IRQHandler
    startup_stm32f10x_md.o(RESET) refers to serial.o(i.USART1_IRQHandler) for USART1_IRQHandler
    startup_stm32f10x_md.o(RESET) refers to serial.o(i.USART2_IRQHandler) for USART2_IRQHandler
    startup_stm32f10x_md.o(.text) refers (Special) to heapauxi.o(.text) for __use_two_region_memory
    startup_stm32f10x_md.o(.text) refers to system_stm32f10x.o(i.SystemInit) for SystemInit
    startup_stm32f10x_md.o(.text) refers to __main.o(!!!main) for __main
    startup_stm32f10x_md.o(.text) refers to startup_stm32f10x_md.o(HEAP) for Heap_Mem
    startup_stm32f10x_md.o(.text) refers to startup_stm32f10x_md.o(STACK) for Stack_Mem
    system_stm32f10x.o(i.SetSysClock) refers to system_stm32f10x.o(i.SetSysClockTo72) for SetSysClockTo72
    system_stm32f10x.o(i.SystemCoreClockUpdate) refers to system_stm32f10x.o(.data) for SystemCoreClock
    system_stm32f10x.o(i.SystemInit) refers to system_stm32f10x.o(i.SetSysClock) for SetSysClock
    stm32f10x_adc.o(i.ADC_DeInit) refers to stm32f10x_rcc.o(i.RCC_APB2PeriphResetCmd) for RCC_APB2PeriphResetCmd
    stm32f10x_bkp.o(i.BKP_DeInit) refers to stm32f10x_rcc.o(i.RCC_BackupResetCmd) for RCC_BackupResetCmd
    stm32f10x_can.o(i.CAN_DeInit) refers to stm32f10x_rcc.o(i.RCC_APB1PeriphResetCmd) for RCC_APB1PeriphResetCmd
    stm32f10x_can.o(i.CAN_GetITStatus) refers to stm32f10x_can.o(i.CheckITStatus) for CheckITStatus
    stm32f10x_cec.o(i.CEC_DeInit) refers to stm32f10x_rcc.o(i.RCC_APB1PeriphResetCmd) for RCC_APB1PeriphResetCmd
    stm32f10x_dac.o(i.DAC_DeInit) refers to stm32f10x_rcc.o(i.RCC_APB1PeriphResetCmd) for RCC_APB1PeriphResetCmd
    stm32f10x_flash.o(i.FLASH_EnableWriteProtection) refers to stm32f10x_flash.o(i.FLASH_WaitForLastOperation) for FLASH_WaitForLastOperation
    stm32f10x_flash.o(i.FLASH_EraseAllBank1Pages) refers to stm32f10x_flash.o(i.FLASH_WaitForLastBank1Operation) for FLASH_WaitForLastBank1Operation
    stm32f10x_flash.o(i.FLASH_EraseAllPages) refers to stm32f10x_flash.o(i.FLASH_WaitForLastOperation) for FLASH_WaitForLastOperation
    stm32f10x_flash.o(i.FLASH_EraseOptionBytes) refers to stm32f10x_flash.o(i.FLASH_GetReadOutProtectionStatus) for FLASH_GetReadOutProtectionStatus
    stm32f10x_flash.o(i.FLASH_EraseOptionBytes) refers to stm32f10x_flash.o(i.FLASH_WaitForLastOperation) for FLASH_WaitForLastOperation
    stm32f10x_flash.o(i.FLASH_ErasePage) refers to stm32f10x_flash.o(i.FLASH_WaitForLastOperation) for FLASH_WaitForLastOperation
    stm32f10x_flash.o(i.FLASH_ProgramHalfWord) refers to stm32f10x_flash.o(i.FLASH_WaitForLastOperation) for FLASH_WaitForLastOperation
    stm32f10x_flash.o(i.FLASH_ProgramOptionByteData) refers to stm32f10x_flash.o(i.FLASH_WaitForLastOperation) for FLASH_WaitForLastOperation
    stm32f10x_flash.o(i.FLASH_ProgramWord) refers to stm32f10x_flash.o(i.FLASH_WaitForLastOperation) for FLASH_WaitForLastOperation
    stm32f10x_flash.o(i.FLASH_ReadOutProtection) refers to stm32f10x_flash.o(i.FLASH_WaitForLastOperation) for FLASH_WaitForLastOperation
    stm32f10x_flash.o(i.FLASH_UserOptionByteConfig) refers to stm32f10x_flash.o(i.FLASH_WaitForLastOperation) for FLASH_WaitForLastOperation
    stm32f10x_flash.o(i.FLASH_WaitForLastBank1Operation) refers to stm32f10x_flash.o(i.FLASH_GetBank1Status) for FLASH_GetBank1Status
[...]
    __aeabi_memclr4                          0x08000803   Thumb Code     0  rt_memclr_w.o(.text)
    __aeabi_memclr8                          0x08000803   Thumb Code     0  rt_memclr_w.o(.text)
    __rt_memclr_w                            0x08000803   Thumb Code    78  rt_memclr_w.o(.text)
    _memset_w                                0x08000807   Thumb Code     0  rt_memclr_w.o(.text)
    strcmp                                   0x08000851   Thumb Code   128  strcmpv7m.o(.text)
    localtime                                0x080008d1   Thumb Code     6  localtime.o(.text)
    mktime                                   0x0800091b   Thumb Code   356  mktime.o(.text)
    __use_two_region_memory                  0x08000a89   Thumb Code     2  heapauxi.o(.text)
    __rt_heap_escrow$2region                 0x08000a8b   Thumb Code     2  heapauxi.o(.text)
    __rt_heap_expand$2region                 0x08000a8d   Thumb Code     2  heapauxi.o(.text)
    __aeabi_uldivmod                         0x08000a8f   Thumb Code     0  lludivv7m.o(.text)
    _ll_udiv                                 0x08000a8f   Thumb Code   238  lludivv7m.o(.text)
    _printf_pre_padding                      0x08000b7d   Thumb Code    44  _printf_pad.o(.text)
    _printf_post_padding                     0x08000ba9   Thumb Code    34  _printf_pad.o(.text)
    _printf_truncate_signed                  0x08000bcb   Thumb Code    18  _printf_truncate.o(.text)
    _printf_truncate_unsigned                0x08000bdd   Thumb Code    18  _printf_truncate.o(.text)
    _printf_str                              0x08000bef   Thumb Code    82  _printf_str.o(.text)
    _printf_int_dec                          0x08000c41   Thumb Code   104  _printf_dec.o(.text)
    _printf_charcount                        0x08000cb9   Thumb Code    40  _printf_charcount.o(.text)
    _printf_char_common                      0x08000ceb   Thumb Code    32  _printf_char_common.o(.text)
    _sputc                                   0x08000d11   Thumb Code    10  _sputc.o(.text)
    _printf_wctomb                           0x08000d1d   Thumb Code   182  _printf_wctomb.o(.text)
    _printf_longlong_dec                     0x08000dd9   Thumb Code   108  _printf_longlong_dec.o(.text)
    _printf_longlong_oct                     0x08000e55   Thumb Code    66  _printf_oct_int_ll.o(.text)
    _printf_int_oct                          0x08000e97   Thumb Code    24  _printf_oct_int_ll.o(.text)
    _printf_ll_oct                           0x08000eaf   Thumb Code    12  _printf_oct_int_ll.o(.text)
    _printf_longlong_hex                     0x08000ec5   Thumb Code    86  _printf_hex_int_ll_ptr.o(.text)
    _printf_int_hex                          0x08000f1b   Thumb Code    28  _printf_hex_int_ll_ptr.o(.text)
    _printf_ll_hex                           0x08000f37   Thumb Code    12  _printf_hex_int_ll_ptr.o(.text)
    _printf_hex_ptr                          0x08000f43   Thumb Code    18  _printf_hex_int_ll_ptr.o(.text)
    __printf                                 0x08000f59   Thumb Code   388  __printf_flags_ss_wp.o(.text)
    _chval                                   0x080010e1   Thumb Code    28  _chval.o(.text)
    __vfscanf_char                           0x08001109   Thumb Code    24  scanf_char.o(.text)
    _sgetc                                   0x08001129   Thumb Code    30  _sgetc.o(.text)
    _sbackspace                              0x08001147   Thumb Code    34  _sgetc.o(.text)
    __strtok_internal                        0x08001169   Thumb Code    64  strtok_int.o(.text)
    _localtime_r                             0x080011ad   Thumb Code   178  localtime_internal.o(.text)
    _n$localtime_r                           0x080011ad   Thumb Code     0  localtime_internal.o(.text)
    _ll_udiv10                               0x08001265   Thumb Code   138  lludiv10.o(.text)
    isspace                                  0x080012ef   Thumb Code    18  isspace.o(.text)
    _printf_int_common                       0x08001301   Thumb Code   178  _printf_intcommon.o(.text)
    __lib_sel_fp_printf                      0x080013b3   Thumb Code     2  _printf_fp_dec.o(.text)
    _printf_fp_dec_real                      0x08001565   Thumb Code   620  _printf_fp_dec.o(.text)
    _printf_fp_hex_real                      0x080017d1   Thumb Code   756  _printf_fp_hex.o(.text)
    _printf_cs_common                        0x08001acd   Thumb Code    20  _printf_char.o(.text)
    _printf_char                             0x08001ae1   Thumb Code    16  _printf_char.o(.text)
    _printf_string                           0x08001af1   Thumb Code     8  _printf_char.o(.text)
    _printf_lcs_common                       0x08001af9   Thumb Code    20  _printf_wchar.o(.text)
    _printf_wchar                            0x08001b0d   Thumb Code    16  _printf_wchar.o(.text)
    _printf_wstring                          0x08001b1d   Thumb Code     8  _printf_wchar.o(.text)
    __vfscanf                                0x08001b25   Thumb Code   878  _scanf.o(.text)
    _wcrtomb                                 0x08001e99   Thumb Code    64  _wcrtomb.o(.text)
    strcspn                                  0x08001ed9   Thumb Code    32  strcspn.o(.text)
    strspn                                   0x08001ef9   Thumb Code    28  strspn.o(.text)
    __user_libspace                          0x08001f15   Thumb Code     8  libspace.o(.text)
    __user_perproc_libspace                  0x08001f15   Thumb Code     0  libspace.o(.text)
    __user_perthread_libspace                0x08001f15   Thumb Code     0  libspace.o(.text)
    __user_setup_stackheap                   0x08001f1d   Thumb Code    74  sys_stackheap_outer.o(.text)
    __rt_ctype_table                         0x08001f69   Thumb Code    16  rt_ctype_table.o(.text)
    __rt_locale                              0x08001f79   Thumb Code     8  rt_locale_intlibspace.o(.text)
    _printf_fp_infnan                        0x08001f81   Thumb Code   112  _printf_fp_infnan.o(.text)
    _btod_etento                             0x08002001   Thumb Code   224  bigflt0.o(.text)
    exit                                     0x080020e5   Thumb Code    18  exit.o(.text)
    _sys_exit                                0x080020f9   Thumb Code     8  sys_exit.o(.text)
    __I$use$semihosting                      0x08002105   Thumb Code     0  use_no_semi.o(.text)
    __use_no_semihosting_swi                 0x08002105   Thumb Code     2  use_no_semi.o(.text)
    __semihosting_library_function           0x08002107   Thumb Code     0  indicate_semi.o(.text)
    _btod_d2e                                0x08002107   Thumb Code    62  btod.o(CL$$btod_d2e)
    _d2e_denorm_low                          0x08002145   Thumb Code    70  btod.o(CL$$btod_d2e_denorm_low)
    _d2e_norm_op1                            0x0800218b   Thumb Code    96  btod.o(CL$$btod_d2e_norm_op1)
    __btod_div_common                        0x080021eb   Thumb Code   696  btod.o(CL$$btod_div_common)
    _e2e                                     0x08002523   Thumb Code   220  btod.o(CL$$btod_e2e)
    _btod_ediv                               0x080025ff   Thumb Code    42  btod.o(CL$$btod_ediv)
    _btod_emul                               0x08002629   Thumb Code    42  btod.o(CL$$btod_emul)
    __btod_mult_common                       0x08002653   Thumb Code   580  btod.o(CL$$btod_mult_common)
    ADC_Cmd                                  0x08002897   Thumb Code    22  stm32f10x_adc.o(i.ADC_Cmd)
    ADC_DMACmd                               0x080028ad   Thumb Code    22  stm32f10x_adc.o(i.ADC_DMACmd)
    ADC_GetCalibrationStatus                 0x080028c3   Thumb Code    20  stm32f10x_adc.o(i.ADC_GetCalibrationStatus)
    ADC_GetResetCalibrationStatus            0x080028d7   Thumb Code    20  stm32f10x_adc.o(i.ADC_GetResetCalibrationStatus)
    ADC_Init                                 0x080028ed   Thumb Code    70  stm32f10x_adc.o(i.ADC_Init)
    ADC_RegularChannelConfig                 0x0800293d   Thumb Code   184  stm32f10x_adc.o(i.ADC_RegularChannelConfig)
    ADC_ResetCalibration                     0x080029f5   Thumb Code    10  stm32f10x_adc.o(i.ADC_ResetCalibration)
    ADC_SoftwareStartConvCmd                 0x080029ff   Thumb Code    22  stm32f10x_adc.o(i.ADC_SoftwareStartConvCmd)
    ADC_StartCalibration                     0x08002a15   Thumb Code    10  stm32f10x_adc.o(i.ADC_StartCalibration)
    AD_Init                                  0x08002a21   Thumb Code   298  ad.o(i.AD_Init)
    BKP_ReadBackupRegister                   0x08002b61   Thumb Code    24  stm32f10x_bkp.o(i.BKP_ReadBackupRegister)
    BKP_WriteBackupRegister                  0x08002b7d   Thumb Code    22  stm32f10x_bkp.o(i.BKP_WriteBackupRegister)
    BusFault_Handler                         0x08002b99   Thumb Code     4  stm32f10x_it.o(i.BusFault_Handler)
    DHT11_Check                              0x08002b9d   Thumb Code    88  dht11.o(i.DHT11_Check)
    DHT11_Mode                               0x08002bf9   Thumb Code    52  dht11.o(i.DHT11_Mode)
    DHT11_Read_Bit                           0x08002c31   Thumb Code    88  dht11.o(i.DHT11_Read_Bit)
    DHT11_Read_Byte                          0x08002c8d   Thumb Code    30  dht11.o(i.DHT11_Read_Byte)
    DHT11_Read_Data                          0x08002cab   Thumb Code    88  dht11.o(i.DHT11_Read_Data)
    DHT11_Rst                                0x08002d05   Thumb Code    42  dht11.o(i.DHT11_Rst)
    DMA_Cmd                                  0x08002d35   Thumb Code    24  stm32f10x_dma.o(i.DMA_Cmd)
    DMA_Init                                 0x08002d4d   Thumb Code    60  stm32f10x_dma.o(i.DMA_Init)
    DWT_Init                                 0x08002d89   Thumb Code    30  dwt.o(i.DWT_Init)
    DebugMon_Handler                         0x08002db1   Thumb Code     2  stm32f10x_it.o(i.DebugMon_Handler)
    Delay_ms                                 0x08002db3   Thumb Code    24  delay.o(i.Delay_ms)
    Delay_us                                 0x08002dcd   Thumb Code    34  dwt.o(i.Delay_us)
    ESP8266_Init                             0x08002dfd   Thumb Code   412  esp8266.o(i.ESP8266_Init)
    EXTI9_5_IRQHandler                       0x080030e9   Thumb Code   186  infrared.o(i.EXTI9_5_IRQHandler)
    EXTI_ClearITPendingBit                   0x080031c1   Thumb Code     6  stm32f10x_exti.o(i.EXTI_ClearITPendingBit)
    EXTI_GetITStatus                         0x080031cd   Thumb Code    34  stm32f10x_exti.o(i.EXTI_GetITStatus)
    EXTI_Init                                0x080031f5   Thumb Code   142  stm32f10x_exti.o(i.EXTI_Init)
    FLASH_ErasePage                          0x08003289   Thumb Code    72  stm32f10x_flash.o(i.FLASH_ErasePage)
    FLASH_GetBank1Status                     0x080032d5   Thumb Code    48  stm32f10x_flash.o(i.FLASH_GetBank1Status)
    FLASH_Lock                               0x08003309   Thumb Code    14  stm32f10x_flash.o(i.FLASH_Lock)
    FLASH_ProgramHalfWord                    0x0800331d   Thumb Code    60  stm32f10x_flash.o(i.FLASH_ProgramHalfWord)
    FLASH_Unlock                             0x0800335d   Thumb Code    12  stm32f10x_flash.o(i.FLASH_Unlock)
    FLASH_WaitForLastOperation               0x08003375   Thumb Code    38  stm32f10x_flash.o(i.FLASH_WaitForLastOperation)
    Feng_Init                                0x0800339d   Thumb Code    48  feng.o(i.Feng_Init)
    Feng_OFF                                 0x080033d1   Thumb Code    14  feng.o(i.Feng_OFF)
    Feng_ON                                  0x080033e5   Thumb Code    68  feng.o(i.Feng_ON)
    First_Show                               0x0800342d   Thumb Code   228  menu.o(i.First_Show)
    GPIO_EXTILineConfig                      0x0800351d   Thumb Code    60  stm32f10x_gpio.o(i.GPIO_EXTILineConfig)
    GPIO_Init                                0x0800355d   Thumb Code   278  stm32f10x_gpio.o(i.GPIO_Init)
    GPIO_ReadInputDataBit                    0x08003673   Thumb Code    18  stm32f10x_gpio.o(i.GPIO_ReadInputDataBit)
    GPIO_ResetBits                           0x08003685   Thumb Code     4  stm32f10x_gpio.o(i.GPIO_ResetBits)
    GPIO_SetBits                             0x08003689   Thumb Code     4  stm32f10x_gpio.o(i.GPIO_SetBits)
    GPIO_WriteBit                            0x0800368d   Thumb Code    10  stm32f10x_gpio.o(i.GPIO_WriteBit)
    Get_Time                                 0x08003699   Thumb Code   354  esp8266.o(i.Get_Time)
    Get_Weather                              0x08003985   Thumb Code   406  esp8266.o(i.Get_Weather)
    HardFault_Handler                        0x08003ca9   Thumb Code     4  stm32f10x_it.o(i.HardFault_Handler)
    IR_GetData                               0x08003cad   Thumb Code    32  infrared.o(i.IR_GetData)
    IR_HasData                               0x08003ccd   Thumb Code    16  infrared.o(i.IR_HasData)
    IR_Init                                  0x08003cdd   Thumb Code   176  infrared.o(i.IR_Init)
    IR_Task                                  0x08003d99   Thumb Code    14  main.o(i.IR_Task)
    IR_Test                                  0x08003da9   Thumb Code   176  infrared.o(i.IR_Test)
    Key3_Tick                                0x08003e91   Thumb Code    42  key.o(i.Key3_Tick)
    Key_GetState                             0x08003ec5   Thumb Code    72  key.o(i.Key_GetState)
    Key_Init                                 0x08003f19   Thumb Code    86  key.o(i.Key_Init)
    Key_Tick                                 0x08003f7d   Thumb Code    74  key.o(i.Key_Tick)
    LED1_OFF                                 0x08003fdd   Thumb Code    12  led.o(i.LED1_OFF)
    LED1_ON                                  0x08003fed   Thumb Code    12  led.o(i.LED1_ON)
    LED_Init                                 0x08003ffd   Thumb Code    46  led.o(i.LED_Init)
    MemManage_Handler                        0x08004031   Thumb Code     4  stm32f10x_it.o(i.MemManage_Handler)
    Menu                                     0x08004035   Thumb Code   348  menu.o(i.Menu)
    Menu_Page1                               0x0800419d   Thumb Code    48  menu.o(i.Menu_Page1)
    Menu_Page2                               0x080041e5   Thumb Code    44  menu.o(i.Menu_Page2)
    MyFLASH_ErasePage                        0x08004221   Thumb Code    20  myflash.o(i.MyFLASH_ErasePage)
    MyFLASH_ProgramHalfWord                  0x08004235   Thumb Code    24  myflash.o(i.MyFLASH_ProgramHalfWord)
    MyFLASH_ReadHalfWord                     0x0800424d   Thumb Code     6  myflash.o(i.MyFLASH_ReadHalfWord)
    MyRTC_Init                               0x08004253   Thumb Code   114  myrtc.o(i.MyRTC_Init)
    MyRTC_ReadTime                           0x080042c5   Thumb Code    72  myrtc.o(i.MyRTC_ReadTime)
    MyRTC_SetTime                            0x08004311   Thumb Code    70  myrtc.o(i.MyRTC_SetTime)
    MySPI_Init                               0x0800435d   Thumb Code   182  myspi.o(i.MySPI_Init)
    MySPI_Start                              0x0800441d   Thumb Code    10  myspi.o(i.MySPI_Start)
    MySPI_Stop                               0x08004427   Thumb Code    10  myspi.o(i.MySPI_Stop)
    MySPI_SwapByte                           0x08004431   Thumb Code    50  myspi.o(i.MySPI_SwapByte)
    MySPI_W_SS                               0x08004469   Thumb Code    18  myspi.o(i.MySPI_W_SS)
    NMI_Handler                              0x08004481   Thumb Code     2  stm32f10x_it.o(i.NMI_Handler)
    NVIC_Init                                0x08004485   Thumb Code   100  misc.o(i.NVIC_Init)
    NVIC_PriorityGroupConfig                 0x080044f5   Thumb Code    10  misc.o(i.NVIC_PriorityGroupConfig)
    OLED_Clear                               0x08004509   Thumb Code    36  oled.o(i.OLED_Clear)
    OLED_ClearArea                           0x08004531   Thumb Code   140  oled.o(i.OLED_ClearArea)
    OLED_GPIO_Init                           0x080045c1   Thumb Code    92  oled.o(i.OLED_GPIO_Init)
    OLED_I2C_SendByte                        0x08004621   Thumb Code    62  oled.o(i.OLED_I2C_SendByte)
    OLED_I2C_Start                           0x0800465f   Thumb Code    28  oled.o(i.OLED_I2C_Start)
    OLED_I2C_Stop                            0x0800467b   Thumb Code    22  oled.o(i.OLED_I2C_Stop)
    OLED_Init                                0x08004691   Thumb Code   154  oled.o(i.OLED_Init)
    OLED_Pow                                 0x0800472b   Thumb Code    20  oled.o(i.OLED_Pow)
    OLED_Printf                              0x0800473f   Thumb Code    50  oled.o(i.OLED_Printf)
    OLED_ReverseArea                         0x08004771   Thumb Code   140  oled.o(i.OLED_ReverseArea)
    OLED_SetCursor                           0x08004801   Thumb Code    34  oled.o(i.OLED_SetCursor)
    OLED_ShowChar                            0x08004825   Thumb Code   108  oled.o(i.OLED_ShowChar)
    OLED_ShowHexNum                          0x0800489d   Thumb Code    96  oled.o(i.OLED_ShowHexNum)
    OLED_ShowImage                           0x080048fd   Thumb Code   248  oled.o(i.OLED_ShowImage)
    OLED_ShowNum                             0x080049f9   Thumb Code    76  oled.o(i.OLED_ShowNum)
    OLED_ShowString                          0x08004a45   Thumb Code   262  oled.o(i.OLED_ShowString)
    OLED_Update                              0x08004b55   Thumb Code    36  oled.o(i.OLED_Update)
    OLED_W_SCL                               0x08004b7d   Thumb Code    18  oled.o(i.OLED_W_SCL)
    OLED_W_SDA                               0x08004b95   Thumb Code    18  oled.o(i.OLED_W_SDA)
    OLED_WriteCommand                        0x08004bad   Thumb Code    32  oled.o(i.OLED_WriteCommand)
    OLED_WriteData                           0x08004bcd   Thumb Code    46  oled.o(i.OLED_WriteData)
    OledShow_Task                            0x08004bfd   Thumb Code    88  main.o(i.OledShow_Task)
    PWM_Init                                 0x08004c65   Thumb Code   200  pwm.o(i.PWM_Init)
    PWM_SetCompare1                          0x08004d31   Thumb Code    16  pwm.o(i.PWM_SetCompare1)
    PWR_BackupAccessCmd                      0x08004d41   Thumb Code     6  stm32f10x_pwr.o(i.PWR_BackupAccessCmd)
    Peripheral_Init                          0x08004d4d   Thumb Code    32  menu.o(i.Peripheral_Init)
    RCC_ADCCLKConfig                         0x08004d6d   Thumb Code    18  stm32f10x_rcc.o(i.RCC_ADCCLKConfig)
    RCC_AHBPeriphClockCmd                    0x08004d85   Thumb Code    26  stm32f10x_rcc.o(i.RCC_AHBPeriphClockCmd)
    RCC_APB1PeriphClockCmd                   0x08004da5   Thumb Code    26  stm32f10x_rcc.o(i.RCC_APB1PeriphClockCmd)
    RCC_APB2PeriphClockCmd                   0x08004dc5   Thumb Code    26  stm32f10x_rcc.o(i.RCC_APB2PeriphClockCmd)
    RCC_GetClocksFreq                        0x08004de5   Thumb Code   192  stm32f10x_rcc.o(i.RCC_GetClocksFreq)
    RCC_GetFlagStatus                        0x08004eb9   Thumb Code    56  stm32f10x_rcc.o(i.RCC_GetFlagStatus)
    RCC_LSEConfig                            0x08004ef5   Thumb Code    46  stm32f10x_rcc.o(i.RCC_LSEConfig)
    RCC_RTCCLKCmd                            0x08004f29   Thumb Code     6  stm32f10x_rcc.o(i.RCC_RTCCLKCmd)
    RCC_RTCCLKConfig                         0x08004f35   Thumb Code    12  stm32f10x_rcc.o(i.RCC_RTCCLKConfig)
    RTC_EnterConfigMode                      0x08004f45   Thumb Code    14  stm32f10x_rtc.o(i.RTC_EnterConfigMode)
    RTC_ExitConfigMode                       0x08004f59   Thumb Code    16  stm32f10x_rtc.o(i.RTC_ExitConfigMode)
    RTC_GetCounter                           0x08004f6d   Thumb Code    16  stm32f10x_rtc.o(i.RTC_GetCounter)
    RTC_SetCounter                           0x08004f81   Thumb Code    24  stm32f10x_rtc.o(i.RTC_SetCounter)
    RTC_SetPrescaler                         0x08004f9d   Thumb Code    26  stm32f10x_rtc.o(i.RTC_SetPrescaler)
    RTC_WaitForLastTask                      0x08004fbd   Thumb Code    16  stm32f10x_rtc.o(i.RTC_WaitForLastTask)
    RTC_WaitForSynchro                       0x08004fd1   Thumb Code    30  stm32f10x_rtc.o(i.RTC_WaitForSynchro)
    SPI_Cmd                                  0x08004ff5   Thumb Code    24  stm32f10x_spi.o(i.SPI_Cmd)
    SPI_I2S_GetFlagStatus                    0x0800500d   Thumb Code    18  stm32f10x_spi.o(i.SPI_I2S_GetFlagStatus)
    SPI_I2S_ReceiveData                      0x0800501f   Thumb Code     6  stm32f10x_spi.o(i.SPI_I2S_ReceiveData)
    SPI_I2S_SendData                         0x08005025   Thumb Code     4  stm32f10x_spi.o(i.SPI_I2S_SendData)
    SPI_Init                                 0x08005029   Thumb Code    60  stm32f10x_spi.o(i.SPI_Init)
    Serial_Init                              0x08005065   Thumb Code   346  serial.o(i.Serial_Init)
    Serial_Pow                               0x080051cd   Thumb Code    20  serial.o(i.Serial_Pow)
    Serial_Printf                            0x080051e1   Thumb Code    42  serial.o(i.Serial_Printf)
    Serial_SendByte                          0x0800520d   Thumb Code    62  serial.o(i.Serial_SendByte)
    Serial_SendNumber                        0x08005255   Thumb Code    62  serial.o(i.Serial_SendNumber)
    Serial_SendString                        0x08005293   Thumb Code    30  serial.o(i.Serial_SendString)
    SettingDMA                               0x08005399   Thumb Code   200  menu.o(i.SettingDMA)
    SettingDht                               0x08005485   Thumb Code   214  menu.o(i.SettingDht)
    SettingPage                              0x0800557d   Thumb Code   470  menu.o(i.SettingPage)
    SettingW25Q64                            0x0800582d   Thumb Code   276  menu.o(i.SettingW25Q64)
    Show_First_UI                            0x08005961   Thumb Code   202  menu.o(i.Show_First_UI)
    Start_Task                               0x08005a75   Thumb Code    82  main.o(i.Start_Task)
    Store_Init                               0x08005b09   Thumb Code    90  store.o(i.Store_Init)
    SysTick_Handler                          0x08005b6d   Thumb Code    46  port.o(i.SysTick_Handler)
    SystemInit                               0x08005ba1   Thumb Code    78  system_stm32f10x.o(i.SystemInit)
    TIM2_IRQHandler                          0x08005c01   Thumb Code    68  main.o(i.TIM2_IRQHandler)
    TIM_ClearFlag                            0x08005c4d   Thumb Code     6  stm32f10x_tim.o(i.TIM_ClearFlag)
    TIM_ClearITPendingBit                    0x08005c53   Thumb Code     6  stm32f10x_tim.o(i.TIM_ClearITPendingBit)
    TIM_Cmd                                  0x08005c59   Thumb Code    24  stm32f10x_tim.o(i.TIM_Cmd)
    TIM_GetCounter                           0x08005c71   Thumb Code     6  stm32f10x_tim.o(i.TIM_GetCounter)
    TIM_GetITStatus                          0x08005c77   Thumb Code    34  stm32f10x_tim.o(i.TIM_GetITStatus)
    TIM_ITConfig                             0x08005c99   Thumb Code    18  stm32f10x_tim.o(i.TIM_ITConfig)
    TIM_InternalClockConfig                  0x08005cab   Thumb Code    12  stm32f10x_tim.o(i.TIM_InternalClockConfig)
    TIM_OC1Init                              0x08005cb9   Thumb Code   132  stm32f10x_tim.o(i.TIM_OC1Init)
    TIM_OCStructInit                         0x08005d51   Thumb Code    20  stm32f10x_tim.o(i.TIM_OCStructInit)
    TIM_SetCompare1                          0x08005d65   Thumb Code     4  stm32f10x_tim.o(i.TIM_SetCompare1)
    TIM_TimeBaseInit                         0x08005d69   Thumb Code   122  stm32f10x_tim.o(i.TIM_TimeBaseInit)
    Timer_Init                               0x08005e0d   Thumb Code   124  timer.o(i.Timer_Init)
    USART1_IRQHandler                        0x08005e89   Thumb Code   174  serial.o(i.USART1_IRQHandler)
    USART2_IRQHandler                        0x08005f59   Thumb Code    68  serial.o(i.USART2_IRQHandler)
    USART_ClearITPendingBit                  0x08005fa9   Thumb Code    30  stm32f10x_usart.o(i.USART_ClearITPendingBit)
    USART_Cmd                                0x08005fc7   Thumb Code    24  stm32f10x_usart.o(i.USART_Cmd)
    USART_GetFlagStatus                      0x08005fdf   Thumb Code    26  stm32f10x_usart.o(i.USART_GetFlagStatus)
    USART_GetITStatus                        0x08005ff9   Thumb Code    84  stm32f10x_usart.o(i.USART_GetITStatus)
    USART_ITConfig                           0x0800604d   Thumb Code    74  stm32f10x_usart.o(i.USART_ITConfig)
    USART_Init                               0x08006099   Thumb Code   210  stm32f10x_usart.o(i.USART_Init)
    USART_ReceiveData                        0x08006171   Thumb Code    10  stm32f10x_usart.o(i.USART_ReceiveData)
    USART_SendData                           0x0800617b   Thumb Code     8  stm32f10x_usart.o(i.USART_SendData)
    UsageFault_Handler                       0x08006183   Thumb Code     4  stm32f10x_it.o(i.UsageFault_Handler)
    W25Q64_Init                              0x08006187   Thumb Code     8  w25q64.o(i.W25Q64_Init)
    W25Q64_PageProgram                       0x0800618f   Thumb Code    88  w25q64.o(i.W25Q64_PageProgram)
    W25Q64_ReadData                          0x080061e7   Thumb Code    86  w25q64.o(i.W25Q64_ReadData)
    W25Q64_ReadID                            0x0800623d   Thumb Code    62  w25q64.o(i.W25Q64_ReadID)
    W25Q64_SectorErase                       0x0800627b   Thumb Code    50  w25q64.o(i.W25Q64_SectorErase)
    W25Q64_WaitBusy                          0x080062ad   Thumb Code    44  w25q64.o(i.W25Q64_WaitBusy)
    W25Q64_WriteEnable                       0x080062dd   Thumb Code    18  w25q64.o(i.W25Q64_WriteEnable)
    Weather_Parse                            0x080062f1   Thumb Code   378  menu.o(i.Weather_Parse)
    Wifi_Task                                0x08006511   Thumb Code    14  main.o(i.Wifi_Task)
    __ARM_fpclassify                         0x0800651f   Thumb Code    40  fpclassify.o(i.__ARM_fpclassify)
    _is_digit                                0x08006547   Thumb Code    14  __printf_wp.o(i._is_digit)
    main                                     0x08006611   Thumb Code    94  main.o(i.main)
    pvPortMalloc                             0x08006cfd   Thumb Code   208  heap_4.o(i.pvPortMalloc)
    pxPortInitialiseStack                    0x08006de1   Thumb Code    30  port.o(i.pxPortInitialiseStack)
    uxListRemove                             0x08006e05   Thumb Code    40  list.o(i.uxListRemove)
    uxTaskGetNumberOfTasks                   0x08006e2d   Thumb Code     6  tasks.o(i.uxTaskGetNumberOfTasks)
    vListInitialise                          0x08006e39   Thumb Code    26  list.o(i.vListInitialise)
    vListInitialiseItem                      0x08006e53   Thumb Code     6  list.o(i.vListInitialiseItem)
    vListInsert                              0x08006e59   Thumb Code    52  list.o(i.vListInsert)
    vListInsertEnd                           0x08006e8d   Thumb Code    24  list.o(i.vListInsertEnd)
    vPortEnterCritical                       0x08006ea5   Thumb Code    30  port.o(i.vPortEnterCritical)
    vPortExitCritical                        0x08006ec9   Thumb Code    28  port.o(i.vPortExitCritical)
    vPortFree                                0x08006ee9   Thumb Code    68  heap_4.o(i.vPortFree)
    vPortSetupTimerInterrupt                 0x08006f35   Thumb Code    14  port.o(i.vPortSetupTimerInterrupt)
    vTaskDelay                               0x08006f49   Thumb Code    46  tasks.o(i.vTaskDelay)
    vTaskDelete                              0x08006f7d   Thumb Code   174  tasks.o(i.vTaskDelete)
    vTaskInternalSetTimeOutState             0x08007051   Thumb Code    14  tasks.o(i.vTaskInternalSetTimeOutState)
    vTaskMissedYield                         0x08007069   Thumb Code     8  tasks.o(i.vTaskMissedYield)
    vTaskPlaceOnEventList                    0x08007075   Thumb Code    28  tasks.o(i.vTaskPlaceOnEventList)
    vTaskStartScheduler                      0x08007095   Thumb Code    76  tasks.o(i.vTaskStartScheduler)
    vTaskSuspendAll                          0x08007101   Thumb Code    12  tasks.o(i.vTaskSuspendAll)
    vTaskSwitchContext                       0x08007111   Thumb Code    76  tasks.o(i.vTaskSwitchContext)
    xPortStartScheduler                      0x08007171   Thumb Code    42  port.o(i.xPortStartScheduler)
    xQueueGenericCreate                      0x080071a5   Thumb Code    76  queue.o(i.xQueueGenericCreate)
    xQueueGenericReset                       0x080071f1   Thumb Code   156  queue.o(i.xQueueGenericReset)
    xQueueGenericSend                        0x08007291   Thumb Code   276  queue.o(i.xQueueGenericSend)
    xQueueGenericSendFromISR                 0x080073a9   Thumb Code   152  queue.o(i.xQueueGenericSendFromISR)
    xTaskCheckForTimeOut                     0x08007441   Thumb Code    88  tasks.o(i.xTaskCheckForTimeOut)
    xTaskCreate                              0x080074a1   Thumb Code   104  tasks.o(i.xTaskCreate)
    xTaskIncrementTick                       0x08007509   Thumb Code   356  tasks.o(i.xTaskIncrementTick)
    xTaskRemoveFromEventList                 0x08007699   Thumb Code   240  tasks.o(i.xTaskRemoveFromEventList)
    xTaskResumeAll                           0x080077a1   Thumb Code   310  tasks.o(i.xTaskResumeAll)
    _get_lc_numeric                          0x080078fd   Thumb Code    44  lc_numeric_c.o(locale$$code)
    _get_lc_ctype                            0x08007929   Thumb Code    44  lc_ctype_c.o(locale$$code)
    _printf_fp_dec                           0x08007955   Thumb Code     4  printf1.o(x$fpl$printf1)
    _printf_fp_hex                           0x08007959   Thumb Code     4  printf2.o(x$fpl$printf2)
    OLED_F8x16                               0x0800795c   Data        1520  oled_data.o(.constdata)
    __I$use$fp                               0x0800795c   Number         0  usenofp.o(x$fpl$usenofp)
    OLED_F6x8                                0x08007f4c   Data         570  oled_data.o(.constdata)
    OLED_F12x24                              0x08008186   Data        3420  oled_data.o(.constdata)
    OLED_CF16x16                             0x08008ee2   Data        2170  oled_data.o(.constdata)
    Diode                                    0x0800975c   Data          32  oled_data.o(.constdata)
    Return                                   0x0800977c   Data          32  oled_data.o(.constdata)
    Menu_Graph                               0x0800979c   Data        1024  oled_data.o(.constdata)
    Frame                                    0x08009b9c   Data         264  oled_data.o(.constdata)
    Ground                                   0x08009ca4   Data         256  oled_data.o(.constdata)
    Barrier                                  0x08009da4   Data         144  oled_data.o(.constdata)
    Cloud                                    0x08009e34   Data          16  oled_data.o(.constdata)
    Dino                                     0x08009e44   Data         144  oled_data.o(.constdata)
    Eyebrow                                  0x08009ed4   Data          64  oled_data.o(.constdata)
    Mouth                                    0x08009f14   Data          60  oled_data.o(.constdata)
    Battery                                  0x08009f50   Data          32  oled_data.o(.constdata)
    _monlen                                  0x0800a005   Data          12  _monlen.o(.constdata)
    Region$$Table$$Base                      0x0800a1b0   Number         0  anon$$obj.o(Region$$Table)
    Region$$Table$$Limit                     0x0800a1d0   Number         0  anon$$obj.o(Region$$Table)
    __ctype                                  0x0800a1f9   Data           0  lc_ctype_c.o(locale$$data)
    SystemCoreClock                          0x20000000   Data           4  system_stm32f10x.o(.data)
    AHBPrescTable                            0x20000004   Data          16  system_stm32f10x.o(.data)
    MyRTC_Time                               0x20000028   Data          14  myrtc.o(.data)
    KeyNum                                   0x20000036   Data           1  menu.o(.data)
    IRNum                                    0x20000037   Data           1  menu.o(.data)
    First_flag                               0x20000038   Data           1  menu.o(.data)
    Menu_flag                                0x20000039   Data           1  menu.o(.data)
    Key_Num                                  0x2000003c   Data           1  key.o(.data)
    g_xQueueKey                              0x20000040   Data           4  key.o(.data)
    press_time                               0x20000044   Data           4  key.o(.data)
    AD_Value                                 0x2000004c   Data           6  ad.o(.data)
    ir_KeyNum                                0x20000054   Data           1  infrared.o(.data)
    g_xQueueIR                               0x20000058   Data           4  infrared.o(.data)
    USART1_RX_LEN                            0x20000068   Data           2  serial.o(.data)
    USART2_RX_LEN                            0x2000006a   Data           2  serial.o(.data)
    Serial_RxFlag                            0x2000006c   Data           1  serial.o(.data)
    time                                     0x20000070   Data           8  esp8266.o(.data)
    code                                     0x20000078   Data           4  esp8266.o(.data)
    temperature                              0x2000007c   Data           4  esp8266.o(.data)
    StartTask_Handler                        0x20000080   Data           4  main.o(.data)
    OledShowTask_Handler                     0x20000084   Data           4  main.o(.data)
    IR_Handler                               0x20000088   Data           4  main.o(.data)
    Wifi_Handler                             0x2000008c   Data           4  main.o(.data)
    Input_Handler                            0x20000090   Data           4  main.o(.data)
    g_KeyNum                                 0x20000094   Data           1  main.o(.data)
    stop                                     0x200000a0   Data           1  main.o(.data)
    stop_flag                                0x200000a4   Data           4  main.o(.data)
    pxCurrentTCB                             0x200000a8   Data           4  tasks.o(.data)
    uxTopUsedPriority                        0x200000e0   Data           4  tasks.o(.data)
    Store_Data                               0x2000010c   Data        1024  store.o(.bss)
    OLED_DisplayBuf                          0x2000050c   Data        1024  oled.o(.bss)
    climate                                  0x2000090c   Data          10  menu.o(.bss)
    USART1_RX_BUF                            0x20000a38   Data        1024  serial.o(.bss)
    USART2_RX_BUF                            0x20000e38   Data        1024  serial.o(.bss)
    __libspace_start                         0x20003b40   Data          96  libspace.o(.bss)
    __temporary_stack_top$libspace           0x20003ba0   Data           0  libspace.o(.bss)



==============================================================================

Memory Map of the image

  Image Entry point : 0x080000ed

  Load Region LR_IROM1 (Base: 0x08000000, Size: 0x0000a408, Max: 0x00010000, ABSOLUTE)

    Execution Region ER_IROM1 (Exec base: 0x08000000, Load base: 0x08000000, Size: 0x0000a2fc, Max: 0x00010000, ABSOLUTE)

    Exec Addr    Load Addr    Size         Type   Attr      Idx    E Section Name        Object

    0x08000000   0x08000000   0x000000ec   Data   RO            3    RESET               startup_stm32f10x_md.o
    0x080000ec   0x080000ec   0x00000008   Code   RO         5430  * !!!main             c_w.l(__main.o)
    0x080000f4   0x080000f4   0x00000034   Code   RO         5892    !!!scatter          c_w.l(__scatter.o)
    0x08000128   0x08000128   0x0000001a   Code   RO         5894    !!handler_copy      c_w.l(__scatter_copy.o)
    0x08000142   0x08000142   0x00000002   PAD
    0x08000144   0x08000144   0x0000001c   Code   RO         5896    !!handler_zi        c_w.l(__scatter_zi.o)
    0x08000160   0x08000160   0x00000000   Code   RO         5574    .ARM.Collect$$_printf_percent$$00000000  c_w.l(_printf_percent.o)
    0x08000160   0x08000160   0x00000006   Code   RO         5563    .ARM.Collect$$_printf_percent$$00000001  c_w.l(_printf_n.o)
    0x08000166   0x08000166   0x00000006   Code   RO         5565    .ARM.Collect$$_printf_percent$$00000002  c_w.l(_printf_p.o)
    0x0800016c   0x0800016c   0x00000006   Code   RO         5570    .ARM.Collect$$_printf_percent$$00000003  c_w.l(_printf_f.o)
    0x08000172   0x08000172   0x00000006   Code   RO         5571    .ARM.Collect$$_printf_percent$$00000004  c_w.l(_printf_e.o)
    0x08000178   0x08000178   0x00000006   Code   RO         5572    .ARM.Collect$$_printf_percent$$00000005  c_w.l(_printf_g.o)
    0x0800017e   0x0800017e   0x00000006   Code   RO         5573    .ARM.Collect$$_printf_percent$$00000006  c_w.l(_printf_a.o)
    0x08000184   0x08000184   0x0000000a   Code   RO         5578    .ARM.Collect$$_printf_percent$$00000007  c_w.l(_printf_ll.o)
    0x0800018e   0x0800018e   0x00000006   Code   RO         5567    .ARM.Collect$$_printf_percent$$00000008  c_w.l(_printf_i.o)
    0x08000194   0x08000194   0x00000006   Code   RO         5568    .ARM.Collect$$_printf_percent$$00000009  c_w.l(_printf_d.o)
    0x0800019a   0x0800019a   0x00000006   Code   RO         5569    .ARM.Collect$$_printf_percent$$0000000A  c_w.l(_printf_u.o)
    0x080001a0   0x080001a0   0x00000006   Code   RO         5566    .ARM.Collect$$_printf_percent$$0000000B  c_w.l(_printf_o.o)
    0x080001a6   0x080001a6   0x00000006   Code   RO         5564    .ARM.Collect$$_printf_percent$$0000000C  c_w.l(_printf_x.o)
    0x080001ac   0x080001ac   0x00000006   Code   RO         5575    .ARM.Collect$$_printf_percent$$0000000D  c_w.l(_printf_lli.o)
    0x080001b2   0x080001b2   0x00000006   Code   RO         5576    .ARM.Collect$$_printf_percent$$0000000E  c_w.l(_printf_lld.o)
    0x080001b8   0x080001b8   0x00000006   Code   RO         5577    .ARM.Collect$$_printf_percent$$0000000F  c_w.l(_printf_llu.o)
    0x080001be   0x080001be   0x00000006   Code   RO         5582    .ARM.Collect$$_printf_percent$$00000010  c_w.l(_printf_llo.o)
    0x080001c4   0x080001c4   0x00000006   Code   RO         5583    .ARM.Collect$$_printf_percent$$00000011  c_w.l(_printf_llx.o)
    0x080001ca   0x080001ca   0x0000000a   Code   RO         5579    .ARM.Collect$$_printf_percent$$00000012  c_w.l(_printf_l.o)
    0x080001d4   0x080001d4   0x00000006   Code   RO         5561    .ARM.Collect$$_printf_percent$$00000013  c_w.l(_printf_c.o)
    0x080001da   0x080001da   0x00000006   Code   RO         5562    .ARM.Collect$$_printf_percent$$00000014  c_w.l(_printf_s.o)
    0x080001e0   0x080001e0   0x00000006   Code   RO         5580    .ARM.Collect$$_printf_percent$$00000015  c_w.l(_printf_lc.o)
    0x080001e6   0x080001e6   0x00000006   Code   RO         5581    .ARM.Collect$$_printf_percent$$00000016  c_w.l(_printf_ls.o)
    0x080001ec   0x080001ec   0x00000004   Code   RO         5684    .ARM.Collect$$_printf_percent$$00000017  c_w.l(_printf_percent_end.o)
    0x080001f0   0x080001f0   0x00000002   Code   RO         5750    .ARM.Collect$$libinit$$00000000  c_w.l(libinit.o)
    0x080001f2   0x080001f2   0x00000000   Code   RO         5765    .ARM.Collect$$libinit$$00000002  c_w.l(libinit2.o)
    0x080001f2   0x080001f2   0x00000000   Code   RO         5767    .ARM.Collect$$libinit$$00000004  c_w.l(libinit2.o)
    0x080001f2   0x080001f2   0x00000000   Code   RO         5770    .ARM.Collect$$libinit$$0000000A  c_w.l(libinit2.o)
    0x080001f2   0x080001f2   0x00000000   Code   RO         5772    .ARM.Collect$$libinit$$0000000C  c_w.l(libinit2.o)
    0x080001f2   0x080001f2   0x00000000   Code   RO         5774    .ARM.Collect$$libinit$$0000000E  c_w.l(libinit2.o)
    0x080001f2   0x080001f2   0x00000006   Code   RO         5775    .ARM.Collect$$libinit$$0000000F  c_w.l(libinit2.o)
    0x080001f8   0x080001f8   0x00000000   Code   RO         5777    .ARM.Collect$$libinit$$00000011  c_w.l(libinit2.o)
    0x080001f8   0x080001f8   0x0000000c   Code   RO         5778    .ARM.Collect$$libinit$$00000012  c_w.l(libinit2.o)
    0x08000204   0x08000204   0x00000000   Code   RO         5779    .ARM.Collect$$libinit$$00000013  c_w.l(libinit2.o)
    0x08000204   0x08000204   0x00000000   Code   RO         5781    .ARM.Collect$$libinit$$00000015  c_w.l(libinit2.o)
    0x08000204   0x08000204   0x0000000a   Code   RO         5782    .ARM.Collect$$libinit$$00000016  c_w.l(libinit2.o)
    0x0800020e   0x0800020e   0x00000000   Code   RO         5783    .ARM.Collect$$libinit$$00000017  c_w.l(libinit2.o)
    0x0800020e   0x0800020e   0x00000000   Code   RO         5785    .ARM.Collect$$libinit$$00000019  c_w.l(libinit2.o)
    0x0800020e   0x0800020e   0x00000000   Code   RO         5787    .ARM.Collect$$libinit$$0000001B  c_w.l(libinit2.o)
    0x0800020e   0x0800020e   0x00000000   Code   RO         5789    .ARM.Collect$$libinit$$0000001D  c_w.l(libinit2.o)
    0x0800020e   0x0800020e   0x00000000   Code   RO         5791    .ARM.Collect$$libinit$$0000001F  c_w.l(libinit2.o)
    0x0800020e   0x0800020e   0x00000000   Code   RO         5793    .ARM.Collect$$libinit$$00000021  c_w.l(libinit2.o)
    0x0800020e   0x0800020e   0x00000000   Code   RO         5795    .ARM.Collect$$libinit$$00000023  c_w.l(libinit2.o)
    0x0800020e   0x0800020e   0x00000000   Code   RO         5797    .ARM.Collect$$libinit$$00000025  c_w.l(libinit2.o)
    0x0800020e   0x0800020e   0x00000000   Code   RO         5801    .ARM.Collect$$libinit$$0000002C  c_w.l(libinit2.o)
    0x0800020e   0x0800020e   0x00000000   Code   RO         5803    .ARM.Collect$$libinit$$0000002E  c_w.l(libinit2.o)
    0x0800020e   0x0800020e   0x00000000   Code   RO         5805    .ARM.Collect$$libinit$$00000030  c_w.l(libinit2.o)
    0x0800020e   0x0800020e   0x00000000   Code   RO         5807    .ARM.Collect$$libinit$$00000032  c_w.l(libinit2.o)
    0x0800020e   0x0800020e   0x00000002   Code   RO         5808    .ARM.Collect$$libinit$$00000033  c_w.l(libinit2.o)
    0x08000210   0x08000210   0x00000002   Code   RO         5842    .ARM.Collect$$libshutdown$$00000000  c_w.l(libshutdown.o)
    0x08000212   0x08000212   0x00000000   Code   RO         5859    .ARM.Collect$$libshutdown$$00000002  c_w.l(libshutdown2.o)
    0x08000212   0x08000212   0x00000000   Code   RO         5861    .ARM.Collect$$libshutdown$$00000004  c_w.l(libshutdown2.o)
    0x08000212   0x08000212   0x00000000   Code   RO         5864    .ARM.Collect$$libshutdown$$00000007  c_w.l(libshutdown2.o)
    0x08000212   0x08000212   0x00000000   Code   RO         5867    .ARM.Collect$$libshutdown$$0000000A  c_w.l(libshutdown2.o)
    0x08000212   0x08000212   0x00000000   Code   RO         5869    .ARM.Collect$$libshutdown$$0000000C  c_w.l(libshutdown2.o)
    0x08000212   0x08000212   0x00000000   Code   RO         5872    .ARM.Collect$$libshutdown$$0000000F  c_w.l(libshutdown2.o)
    0x08000212   0x08000212   0x00000002   Code   RO         5873    .ARM.Collect$$libshutdown$$00000010  c_w.l(libshutdown2.o)
    0x08000214   0x08000214   0x00000000   Code   RO         5488    .ARM.Collect$$rtentry$$00000000  c_w.l(__rtentry.o)
    0x08000214   0x08000214   0x00000000   Code   RO         5644    .ARM.Collect$$rtentry$$00000002  c_w.l(__rtentry2.o)
    0x08000214   0x08000214   0x00000006   Code   RO         5656    .ARM.Collect$$rtentry$$00000004  c_w.l(__rtentry4.o)
    0x0800021a   0x0800021a   0x00000000   Code   RO         5646    .ARM.Collect$$rtentry$$00000009  c_w.l(__rtentry2.o)
    0x0800021a   0x0800021a   0x00000004   Code   RO         5647    .ARM.Collect$$rtentry$$0000000A  c_w.l(__rtentry2.o)
    0x0800021e   0x0800021e   0x00000000   Code   RO         5649    .ARM.Collect$$rtentry$$0000000C  c_w.l(__rtentry2.o)
    0x0800021e   0x0800021e   0x00000008   Code   RO         5650    .ARM.Collect$$rtentry$$0000000D  c_w.l(__rtentry2.o)
    0x08000226   0x08000226   0x00000002   Code   RO         5755    .ARM.Collect$$rtexit$$00000000  c_w.l(rtexit.o)
    0x08000228   0x08000228   0x00000000   Code   RO         5812    .ARM.Collect$$rtexit$$00000002  c_w.l(rtexit2.o)
    0x08000228   0x08000228   0x00000004   Code   RO         5813    .ARM.Collect$$rtexit$$00000003  c_w.l(rtexit2.o)
    0x0800022c   0x0800022c   0x00000006   Code   RO         5814    .ARM.Collect$$rtexit$$00000004  c_w.l(rtexit2.o)
    0x08000232   0x08000232   0x00000002   PAD
    0x08000234   0x08000234   0x00000096   Code   RO         5262    .emb_text           port.o
    0x080002ca   0x080002ca   0x00000002   PAD
    0x080002cc   0x080002cc   0x00000040   Code   RO            4    .text               startup_stm32f10x_md.o
    0x0800030c   0x0800030c   0x00000048   Code   RO         5396    .text               c_w.l(llsdiv.o)
    0x08000354   0x08000354   0x00000024   Code   RO         5398    .text               c_w.l(vsprintf.o)
    0x08000378   0x08000378   0x0000003c   Code   RO         5400    .text               c_w.l(__0sscanf.o)
    0x080003b4   0x080003b4   0x00000156   Code   RO         5402    .text               c_w.l(_scanf_longlong.o)
    0x0800050a   0x0800050a   0x0000014c   Code   RO         5404    .text               c_w.l(_scanf_int.o)
    0x08000656   0x08000656   0x00000002   PAD
    0x08000658   0x08000658   0x0000000c   Code   RO         5406    .text               c_w.l(strtok.o)
    0x08000664   0x08000664   0x00000024   Code   RO         5409    .text               c_w.l(strstr.o)
    0x08000688   0x08000688   0x00000048   Code   RO         5411    .text               c_w.l(strcpy.o)
    0x080006d0   0x080006d0   0x0000008a   Code   RO         5413    .text               c_w.l(rt_memcpy_v6.o)
    0x0800075a   0x0800075a   0x00000064   Code   RO         5415    .text               c_w.l(rt_memcpy_w.o)
    0x080007be   0x080007be   0x00000044   Code   RO         5417    .text               c_w.l(rt_memclr.o)
    0x08000802   0x08000802   0x0000004e   Code   RO         5419    .text               c_w.l(rt_memclr_w.o)
    0x08000850   0x08000850   0x00000080   Code   RO         5421    .text               c_w.l(strcmpv7m.o)
    0x080008d0   0x080008d0   0x0000000c   Code   RO         5423    .text               c_w.l(localtime.o)
    0x080008dc   0x080008dc   0x000001ac   Code   RO         5426    .text               c_w.l(mktime.o)
    0x08000a88   0x08000a88   0x00000006   Code   RO         5428    .text               c_w.l(heapauxi.o)
    0x08000a8e   0x08000a8e   0x000000ee   Code   RO         5489    .text               c_w.l(lludivv7m.o)
    0x08000b7c   0x08000b7c   0x0000004e   Code   RO         5495    .text               c_w.l(_printf_pad.o)
    0x08000bca   0x08000bca   0x00000024   Code   RO         5497    .text               c_w.l(_printf_truncate.o)
    0x08000bee   0x08000bee   0x00000052   Code   RO         5499    .text               c_w.l(_printf_str.o)
    0x08000c40   0x08000c40   0x00000078   Code   RO         5501    .text               c_w.l(_printf_dec.o)
    0x08000cb8   0x08000cb8   0x00000028   Code   RO         5503    .text               c_w.l(_printf_charcount.o)
    0x08000ce0   0x08000ce0   0x00000030   Code   RO         5505    .text               c_w.l(_printf_char_common.o)
    0x08000d10   0x08000d10   0x0000000a   Code   RO         5507    .text               c_w.l(_sputc.o)
    0x08000d1a   0x08000d1a   0x00000002   PAD
    0x08000d1c   0x08000d1c   0x000000bc   Code   RO         5509    .text               c_w.l(_printf_wctomb.o)
    0x08000dd8   0x08000dd8   0x0000007c   Code   RO         5512    .text               c_w.l(_printf_longlong_dec.o)
    0x08000e54   0x08000e54   0x00000070   Code   RO         5518    .text               c_w.l(_printf_oct_int_ll.o)
    0x08000ec4   0x08000ec4   0x00000094   Code   RO         5538    .text               c_w.l(_printf_hex_int_ll_ptr.o)
    0x08000f58   0x08000f58   0x00000188   Code   RO         5558    .text               c_w.l(__printf_flags_ss_wp.o)
    0x080010e0   0x080010e0   0x0000001c   Code   RO         5584    .text               c_w.l(_chval.o)
    0x080010fc   0x080010fc   0x0000002c   Code   RO         5586    .text               c_w.l(scanf_char.o)
    0x08001128   0x08001128   0x00000040   Code   RO         5588    .text               c_w.l(_sgetc.o)
    0x08001168   0x08001168   0x00000044   Code   RO         5590    .text               c_w.l(strtok_int.o)
    0x080011ac   0x080011ac   0x000000b8   Code   RO         5593    .text               c_w.l(localtime_internal.o)
    0x08001264   0x08001264   0x0000008a   Code   RO         5667    .text               c_w.l(lludiv10.o)
    0x080012ee   0x080012ee   0x00000012   Code   RO         5669    .text               c_w.l(isspace.o)
    0x08001300   0x08001300   0x000000b2   Code   RO         5671    .text               c_w.l(_printf_intcommon.o)
    0x080013b2   0x080013b2   0x0000041e   Code   RO         5673    .text               c_w.l(_printf_fp_dec.o)
    0x080017d0   0x080017d0   0x000002fc   Code   RO         5675    .text               c_w.l(_printf_fp_hex.o)
    0x08001acc   0x08001acc   0x0000002c   Code   RO         5680    .text               c_w.l(_printf_char.o)
    0x08001af8   0x08001af8   0x0000002c   Code   RO         5682    .text               c_w.l(_printf_wchar.o)
    0x08001b24   0x08001b24   0x00000374   Code   RO         5685    .text               c_w.l(_scanf.o)
    0x08001e98   0x08001e98   0x00000040   Code   RO         5687    .text               c_w.l(_wcrtomb.o)
    0x08001ed8   0x08001ed8   0x00000020   Code   RO         5689    .text               c_w.l(strcspn.o)
    0x08001ef8   0x08001ef8   0x0000001c   Code   RO         5691    .text               c_w.l(strspn.o)
    0x08001f14   0x08001f14   0x00000008   Code   RO         5699    .text               c_w.l(libspace.o)
    0x08001f1c   0x08001f1c   0x0000004a   Code   RO         5702    .text               c_w.l(sys_stackheap_outer.o)
    0x08001f66   0x08001f66   0x00000002   PAD
    0x08001f68   0x08001f68   0x00000010   Code   RO         5704    .text               c_w.l(rt_ctype_table.o)
    0x08001f78   0x08001f78   0x00000008   Code   RO         5711    .text               c_w.l(rt_locale_intlibspace.o)
    0x08001f80   0x08001f80   0x00000080   Code   RO         5713    .text               c_w.l(_printf_fp_infnan.o)
    0x08002000   0x08002000   0x000000e4   Code   RO         5715    .text               c_w.l(bigflt0.o)
    0x080020e4   0x080020e4   0x00000012   Code   RO         5743    .text               c_w.l(exit.o)
    0x080020f6   0x080020f6   0x00000002   PAD
    0x080020f8   0x080020f8   0x0000000c   Code   RO         5830    .text               c_w.l(sys_exit.o)
    0x08002104   0x08002104   0x00000002   Code   RO         5847    .text               c_w.l(use_no_semi.o)
    0x08002106   0x08002106   0x00000000   Code   RO         5849    .text               c_w.l(indicate_semi.o)
    0x08002106   0x08002106   0x0000003e   Code   RO         5718    CL$$btod_d2e        c_w.l(btod.o)
    0x08002144   0x08002144   0x00000046   Code   RO         5720    CL$$btod_d2e_denorm_low  c_w.l(btod.o)
    0x0800218a   0x0800218a   0x00000060   Code   RO         5719    CL$$btod_d2e_norm_op1  c_w.l(btod.o)
    0x080021ea   0x080021ea   0x00000338   Code   RO         5728    CL$$btod_div_common  c_w.l(btod.o)
    0x08002522   0x08002522   0x000000dc   Code   RO         5725    CL$$btod_e2e        c_w.l(btod.o)
    0x080025fe   0x080025fe   0x0000002a   Code   RO         5722    CL$$btod_ediv       c_w.l(btod.o)
    0x08002628   0x08002628   0x0000002a   Code   RO         5721    CL$$btod_emul       c_w.l(btod.o)
    0x08002652   0x08002652   0x00000244   Code   RO         5727    CL$$btod_mult_common  c_w.l(btod.o)
    0x08002896   0x08002896   0x00000016   Code   RO          202    i.ADC_Cmd           stm32f10x_adc.o
    0x080028ac   0x080028ac   0x00000016   Code   RO          203    i.ADC_DMACmd        stm32f10x_adc.o
    0x080028c2   0x080028c2   0x00000014   Code   RO          210    i.ADC_GetCalibrationStatus  stm32f10x_adc.o
    0x080028d6   0x080028d6   0x00000014   Code   RO          216    i.ADC_GetResetCalibrationStatus  stm32f10x_adc.o
    0x080028ea   0x080028ea   0x00000002   PAD
    0x080028ec   0x080028ec   0x00000050   Code   RO          220    i.ADC_Init          stm32f10x_adc.o
    0x0800293c   0x0800293c   0x000000b8   Code   RO          224    i.ADC_RegularChannelConfig  stm32f10x_adc.o
    0x080029f4   0x080029f4   0x0000000a   Code   RO          225    i.ADC_ResetCalibration  stm32f10x_adc.o
    0x080029fe   0x080029fe   0x00000016   Code   RO          227    i.ADC_SoftwareStartConvCmd  stm32f10x_adc.o
    0x08002a14   0x08002a14   0x0000000a   Code   RO          229    i.ADC_StartCalibration  stm32f10x_adc.o
    0x08002a1e   0x08002a1e   0x00000002   PAD
    0x08002a20   0x08002a20   0x00000140   Code   RO         4032    i.AD_Init           ad.o
    0x08002b60   0x08002b60   0x0000001c   Code   RO          431    i.BKP_ReadBackupRegister  stm32f10x_bkp.o
    0x08002b7c   0x08002b7c   0x0000001c   Code   RO          435    i.BKP_WriteBackupRegister  stm32f10x_bkp.o
    0x08002b98   0x08002b98   0x00000004   Code   RO         4635    i.BusFault_Handler  stm32f10x_it.o
    0x08002b9c   0x08002b9c   0x0000005c   Code   RO         4290    i.DHT11_Check       dht11.o
    0x08002bf8   0x08002bf8   0x00000038   Code   RO         4292    i.DHT11_Mode        dht11.o
    0x08002c30   0x08002c30   0x0000005c   Code   RO         4293    i.DHT11_Read_Bit    dht11.o
    0x08002c8c   0x08002c8c   0x0000001e   Code   RO         4294    i.DHT11_Read_Byte   dht11.o
    0x08002caa   0x08002caa   0x00000058   Code   RO         4295    i.DHT11_Read_Data   dht11.o
    0x08002d02   0x08002d02   0x00000002   PAD
    0x08002d04   0x08002d04   0x00000030   Code   RO         4296    i.DHT11_Rst         dht11.o
    0x08002d34   0x08002d34   0x00000018   Code   RO          911    i.DMA_Cmd           stm32f10x_dma.o
    0x08002d4c   0x08002d4c   0x0000003c   Code   RO          917    i.DMA_Init          stm32f10x_dma.o
    0x08002d88   0x08002d88   0x00000028   Code   RO         3337    i.DWT_Init          dwt.o
    0x08002db0   0x08002db0   0x00000002   Code   RO         4636    i.DebugMon_Handler  stm32f10x_it.o
    0x08002db2   0x08002db2   0x00000018   Code   RO         3196    i.Delay_ms          delay.o
    0x08002dca   0x08002dca   0x00000002   PAD
    0x08002dcc   0x08002dcc   0x00000030   Code   RO         3338    i.Delay_us          dwt.o
    0x08002dfc   0x08002dfc   0x000002ec   Code   RO         4476    i.ESP8266_Init      esp8266.o
    0x080030e8   0x080030e8   0x000000d8   Code   RO         4047    i.EXTI9_5_IRQHandler  infrared.o
    0x080031c0   0x080031c0   0x0000000c   Code   RO          985    i.EXTI_ClearITPendingBit  stm32f10x_exti.o
    0x080031cc   0x080031cc   0x00000028   Code   RO          989    i.EXTI_GetITStatus  stm32f10x_exti.o
    0x080031f4   0x080031f4   0x00000094   Code   RO          990    i.EXTI_Init         stm32f10x_exti.o
    0x08003288   0x08003288   0x0000004c   Code   RO         1046    i.FLASH_ErasePage   stm32f10x_flash.o
    0x080032d4   0x080032d4   0x00000034   Code   RO         1047    i.FLASH_GetBank1Status  stm32f10x_flash.o
    0x08003308   0x08003308   0x00000014   Code   RO         1056    i.FLASH_Lock        stm32f10x_flash.o
    0x0800331c   0x0800331c   0x00000040   Code   RO         1059    i.FLASH_ProgramHalfWord  stm32f10x_flash.o
    0x0800335c   0x0800335c   0x00000018   Code   RO         1064    i.FLASH_Unlock      stm32f10x_flash.o
    0x08003374   0x08003374   0x00000026   Code   RO         1068    i.FLASH_WaitForLastOperation  stm32f10x_flash.o
    0x0800339a   0x0800339a   0x00000002   PAD
    0x0800339c   0x0800339c   0x00000034   Code   RO         4452    i.Feng_Init         feng.o
    0x080033d0   0x080033d0   0x00000014   Code   RO         4453    i.Feng_OFF          feng.o
    0x080033e4   0x080033e4   0x00000048   Code   RO         4454    i.Feng_ON           feng.o
    0x0800342c   0x0800342c   0x000000f0   Code   RO         3613    i.First_Show        menu.o
    0x0800351c   0x0800351c   0x00000040   Code   RO         1344    i.GPIO_EXTILineConfig  stm32f10x_gpio.o
    0x0800355c   0x0800355c   0x00000116   Code   RO         1347    i.GPIO_Init         stm32f10x_gpio.o
    0x08003672   0x08003672   0x00000012   Code   RO         1351    i.GPIO_ReadInputDataBit  stm32f10x_gpio.o
    0x08003684   0x08003684   0x00000004   Code   RO         1354    i.GPIO_ResetBits    stm32f10x_gpio.o
    0x08003688   0x08003688   0x00000004   Code   RO         1355    i.GPIO_SetBits      stm32f10x_gpio.o
    0x0800368c   0x0800368c   0x0000000a   Code   RO         1358    i.GPIO_WriteBit     stm32f10x_gpio.o
    0x08003696   0x08003696   0x00000002   PAD
    0x08003698   0x08003698   0x000002ec   Code   RO         4477    i.Get_Time          esp8266.o
    0x08003984   0x08003984   0x00000324   Code   RO         4478    i.Get_Weather       esp8266.o
    0x08003ca8   0x08003ca8   0x00000004   Code   RO         4637    i.HardFault_Handler  stm32f10x_it.o
    0x08003cac   0x08003cac   0x00000020   Code   RO         4049    i.IR_GetData        infrared.o
    0x08003ccc   0x08003ccc   0x00000010   Code   RO         4050    i.IR_HasData        infrared.o
    0x08003cdc   0x08003cdc   0x000000bc   Code   RO         4051    i.IR_Init           infrared.o
    0x08003d98   0x08003d98   0x0000000e   Code   RO         4511    i.IR_Task           main.o
    0x08003da6   0x08003da6   0x00000002   PAD
    0x08003da8   0x08003da8   0x000000e8   Code   RO         4052    i.IR_Test           infrared.o
    0x08003e90   0x08003e90   0x00000034   Code   RO         3791    i.Key3_Tick         key.o
    0x08003ec4   0x08003ec4   0x00000054   Code   RO         3793    i.Key_GetState      key.o
    0x08003f18   0x08003f18   0x00000064   Code   RO         3794    i.Key_Init          key.o
    0x08003f7c   0x08003f7c   0x00000060   Code   RO         3795    i.Key_Tick          key.o
    0x08003fdc   0x08003fdc   0x00000010   Code   RO         3830    i.LED1_OFF          led.o
    0x08003fec   0x08003fec   0x00000010   Code   RO         3831    i.LED1_ON           led.o
    0x08003ffc   0x08003ffc   0x00000034   Code   RO         3832    i.LED_Init          led.o
    0x08004030   0x08004030   0x00000004   Code   RO         4638    i.MemManage_Handler  stm32f10x_it.o
    0x08004034   0x08004034   0x00000168   Code   RO         3614    i.Menu              menu.o
    0x0800419c   0x0800419c   0x00000048   Code   RO         3615    i.Menu_Page1        menu.o
    0x080041e4   0x080041e4   0x0000003c   Code   RO         3616    i.Menu_Page2        menu.o
    0x08004220   0x08004220   0x00000014   Code   RO         3260    i.MyFLASH_ErasePage  myflash.o
    0x08004234   0x08004234   0x00000018   Code   RO         3261    i.MyFLASH_ProgramHalfWord  myflash.o
    0x0800424c   0x0800424c   0x00000006   Code   RO         3264    i.MyFLASH_ReadHalfWord  myflash.o
    0x08004252   0x08004252   0x00000072   Code   RO         3217    i.MyRTC_Init        myrtc.o
    0x080042c4   0x080042c4   0x0000004c   Code   RO         3218    i.MyRTC_ReadTime    myrtc.o
    0x08004310   0x08004310   0x0000004c   Code   RO         3219    i.MyRTC_SetTime     myrtc.o
    0x0800435c   0x0800435c   0x000000c0   Code   RO         4362    i.MySPI_Init        myspi.o
    0x0800441c   0x0800441c   0x0000000a   Code   RO         4363    i.MySPI_Start       myspi.o
    0x08004426   0x08004426   0x0000000a   Code   RO         4364    i.MySPI_Stop        myspi.o
    0x08004430   0x08004430   0x00000038   Code   RO         4365    i.MySPI_SwapByte    myspi.o
    0x08004468   0x08004468   0x00000018   Code   RO         4366    i.MySPI_W_SS        myspi.o
    0x08004480   0x08004480   0x00000002   Code   RO         4639    i.NMI_Handler       stm32f10x_it.o
    0x08004482   0x08004482   0x00000002   PAD
    0x08004484   0x08004484   0x00000070   Code   RO          137    i.NVIC_Init         misc.o
    0x080044f4   0x080044f4   0x00000014   Code   RO          138    i.NVIC_PriorityGroupConfig  misc.o
    0x08004508   0x08004508   0x00000028   Code   RO         3355    i.OLED_Clear        oled.o
    0x08004530   0x08004530   0x00000090   Code   RO         3356    i.OLED_ClearArea    oled.o
    0x080045c0   0x080045c0   0x00000060   Code   RO         3364    i.OLED_GPIO_Init    oled.o
    0x08004620   0x08004620   0x0000003e   Code   RO         3366    i.OLED_I2C_SendByte  oled.o
    0x0800465e   0x0800465e   0x0000001c   Code   RO         3367    i.OLED_I2C_Start    oled.o
    0x0800467a   0x0800467a   0x00000016   Code   RO         3368    i.OLED_I2C_Stop     oled.o
    0x08004690   0x08004690   0x0000009a   Code   RO         3369    i.OLED_Init         oled.o
    0x0800472a   0x0800472a   0x00000014   Code   RO         3371    i.OLED_Pow          oled.o
    0x0800473e   0x0800473e   0x00000032   Code   RO         3372    i.OLED_Printf       oled.o
    0x08004770   0x08004770   0x00000090   Code   RO         3374    i.OLED_ReverseArea  oled.o
    0x08004800   0x08004800   0x00000022   Code   RO         3375    i.OLED_SetCursor    oled.o
    0x08004822   0x08004822   0x00000002   PAD
    0x08004824   0x08004824   0x00000078   Code   RO         3377    i.OLED_ShowChar     oled.o
    0x0800489c   0x0800489c   0x00000060   Code   RO         3379    i.OLED_ShowHexNum   oled.o
    0x080048fc   0x080048fc   0x000000fc   Code   RO         3380    i.OLED_ShowImage    oled.o
    0x080049f8   0x080049f8   0x0000004c   Code   RO         3381    i.OLED_ShowNum      oled.o
    0x08004a44   0x08004a44   0x00000110   Code   RO         3383    i.OLED_ShowString   oled.o
    0x08004b54   0x08004b54   0x00000028   Code   RO         3384    i.OLED_Update       oled.o
    0x08004b7c   0x08004b7c   0x00000018   Code   RO         3386    i.OLED_W_SCL        oled.o
    0x08004b94   0x08004b94   0x00000018   Code   RO         3387    i.OLED_W_SDA        oled.o
    0x08004bac   0x08004bac   0x00000020   Code   RO         3388    i.OLED_WriteCommand  oled.o
    0x08004bcc   0x08004bcc   0x0000002e   Code   RO         3389    i.OLED_WriteData    oled.o
    0x08004bfa   0x08004bfa   0x00000002   PAD
    0x08004bfc   0x08004bfc   0x00000068   Code   RO         4512    i.OledShow_Task     main.o
    0x08004c64   0x08004c64   0x000000cc   Code   RO         4344    i.PWM_Init          pwm.o
    0x08004d30   0x08004d30   0x00000010   Code   RO         4345    i.PWM_SetCompare1   pwm.o
    0x08004d40   0x08004d40   0x0000000c   Code   RO         1710    i.PWR_BackupAccessCmd  stm32f10x_pwr.o
    0x08004d4c   0x08004d4c   0x00000020   Code   RO         3617    i.Peripheral_Init   menu.o
    0x08004d6c   0x08004d6c   0x00000018   Code   RO         1773    i.RCC_ADCCLKConfig  stm32f10x_rcc.o
    0x08004d84   0x08004d84   0x00000020   Code   RO         1774    i.RCC_AHBPeriphClockCmd  stm32f10x_rcc.o
    0x08004da4   0x08004da4   0x00000020   Code   RO         1775    i.RCC_APB1PeriphClockCmd  stm32f10x_rcc.o
    0x08004dc4   0x08004dc4   0x00000020   Code   RO         1777    i.RCC_APB2PeriphClockCmd  stm32f10x_rcc.o
    0x08004de4   0x08004de4   0x000000d4   Code   RO         1785    i.RCC_GetClocksFreq  stm32f10x_rcc.o
    0x08004eb8   0x08004eb8   0x0000003c   Code   RO         1786    i.RCC_GetFlagStatus  stm32f10x_rcc.o
    0x08004ef4   0x08004ef4   0x00000034   Code   RO         1793    i.RCC_LSEConfig     stm32f10x_rcc.o
    0x08004f28   0x08004f28   0x0000000c   Code   RO         1800    i.RCC_RTCCLKCmd     stm32f10x_rcc.o
    0x08004f34   0x08004f34   0x00000010   Code   RO         1801    i.RCC_RTCCLKConfig  stm32f10x_rcc.o
    0x08004f44   0x08004f44   0x00000014   Code   RO         1978    i.RTC_EnterConfigMode  stm32f10x_rtc.o
    0x08004f58   0x08004f58   0x00000014   Code   RO         1979    i.RTC_ExitConfigMode  stm32f10x_rtc.o
    0x08004f6c   0x08004f6c   0x00000014   Code   RO         1980    i.RTC_GetCounter    stm32f10x_rtc.o
    0x08004f80   0x08004f80   0x0000001c   Code   RO         1986    i.RTC_SetCounter    stm32f10x_rtc.o
    0x08004f9c   0x08004f9c   0x00000020   Code   RO         1987    i.RTC_SetPrescaler  stm32f10x_rtc.o
    0x08004fbc   0x08004fbc   0x00000014   Code   RO         1988    i.RTC_WaitForLastTask  stm32f10x_rtc.o
    0x08004fd0   0x08004fd0   0x00000024   Code   RO         1989    i.RTC_WaitForSynchro  stm32f10x_rtc.o
    0x08004ff4   0x08004ff4   0x00000018   Code   RO         2263    i.SPI_Cmd           stm32f10x_spi.o
    0x0800500c   0x0800500c   0x00000012   Code   RO         2271    i.SPI_I2S_GetFlagStatus  stm32f10x_spi.o
    0x0800501e   0x0800501e   0x00000006   Code   RO         2274    i.SPI_I2S_ReceiveData  stm32f10x_spi.o
    0x08005024   0x08005024   0x00000004   Code   RO         2275    i.SPI_I2S_SendData  stm32f10x_spi.o
    0x08005028   0x08005028   0x0000003c   Code   RO         2276    i.SPI_Init          stm32f10x_spi.o
    0x08005064   0x08005064   0x00000168   Code   RO         4138    i.Serial_Init       serial.o
    0x080051cc   0x080051cc   0x00000014   Code   RO         4139    i.Serial_Pow        serial.o
    0x080051e0   0x080051e0   0x0000002a   Code   RO         4140    i.Serial_Printf     serial.o
    0x0800520a   0x0800520a   0x00000002   PAD
    0x0800520c   0x0800520c   0x00000048   Code   RO         4142    i.Serial_SendByte   serial.o
    0x08005254   0x08005254   0x0000003e   Code   RO         4143    i.Serial_SendNumber  serial.o
    0x08005292   0x08005292   0x0000001e   Code   RO         4144    i.Serial_SendString  serial.o
    0x080052b0   0x080052b0   0x00000008   Code   RO           24    i.SetSysClock       system_stm32f10x.o
    0x080052b8   0x080052b8   0x000000e0   Code   RO           25    i.SetSysClockTo72   system_stm32f10x.o
    0x08005398   0x08005398   0x000000ec   Code   RO         3618    i.SettingDMA        menu.o
    0x08005484   0x08005484   0x000000f8   Code   RO         3619    i.SettingDht        menu.o
    0x0800557c   0x0800557c   0x000002b0   Code   RO         3620    i.SettingPage       menu.o
    0x0800582c   0x0800582c   0x00000134   Code   RO         3621    i.SettingW25Q64     menu.o
    0x08005960   0x08005960   0x00000114   Code   RO         3622    i.Show_First_UI     menu.o
    0x08005a74   0x08005a74   0x00000094   Code   RO         4513    i.Start_Task        main.o
    0x08005b08   0x08005b08   0x00000064   Code   RO         3308    i.Store_Init        store.o
    0x08005b6c   0x08005b6c   0x00000034   Code   RO         5263    i.SysTick_Handler   port.o
    0x08005ba0   0x08005ba0   0x00000060   Code   RO           27    i.SystemInit        system_stm32f10x.o
    0x08005c00   0x08005c00   0x0000004c   Code   RO         4514    i.TIM2_IRQHandler   main.o
    0x08005c4c   0x08005c4c   0x00000006   Code   RO         2415    i.TIM_ClearFlag     stm32f10x_tim.o
    0x08005c52   0x08005c52   0x00000006   Code   RO         2416    i.TIM_ClearITPendingBit  stm32f10x_tim.o
    0x08005c58   0x08005c58   0x00000018   Code   RO         2421    i.TIM_Cmd           stm32f10x_tim.o
    0x08005c70   0x08005c70   0x00000006   Code   RO         2440    i.TIM_GetCounter    stm32f10x_tim.o
    0x08005c76   0x08005c76   0x00000022   Code   RO         2442    i.TIM_GetITStatus   stm32f10x_tim.o
    0x08005c98   0x08005c98   0x00000012   Code   RO         2446    i.TIM_ITConfig      stm32f10x_tim.o
    0x08005caa   0x08005caa   0x0000000c   Code   RO         2448    i.TIM_InternalClockConfig  stm32f10x_tim.o
    0x08005cb6   0x08005cb6   0x00000002   PAD
    0x08005cb8   0x08005cb8   0x00000098   Code   RO         2450    i.TIM_OC1Init       stm32f10x_tim.o
    0x08005d50   0x08005d50   0x00000014   Code   RO         2468    i.TIM_OCStructInit  stm32f10x_tim.o
    0x08005d64   0x08005d64   0x00000004   Code   RO         2482    i.TIM_SetCompare1   stm32f10x_tim.o
    0x08005d68   0x08005d68   0x000000a4   Code   RO         2492    i.TIM_TimeBaseInit  stm32f10x_tim.o
    0x08005e0c   0x08005e0c   0x0000007c   Code   RO         3247    i.Timer_Init        timer.o
    0x08005e88   0x08005e88   0x000000d0   Code   RO         4145    i.USART1_IRQHandler  serial.o
    0x08005f58   0x08005f58   0x00000050   Code   RO         4146    i.USART2_IRQHandler  serial.o
    0x08005fa8   0x08005fa8   0x0000001e   Code   RO         2957    i.USART_ClearITPendingBit  stm32f10x_usart.o
    0x08005fc6   0x08005fc6   0x00000018   Code   RO         2960    i.USART_Cmd         stm32f10x_usart.o
    0x08005fde   0x08005fde   0x0000001a   Code   RO         2963    i.USART_GetFlagStatus  stm32f10x_usart.o
    0x08005ff8   0x08005ff8   0x00000054   Code   RO         2964    i.USART_GetITStatus  stm32f10x_usart.o
    0x0800604c   0x0800604c   0x0000004a   Code   RO         2966    i.USART_ITConfig    stm32f10x_usart.o
    0x08006096   0x08006096   0x00000002   PAD
    0x08006098   0x08006098   0x000000d8   Code   RO         2967    i.USART_Init        stm32f10x_usart.o
    0x08006170   0x08006170   0x0000000a   Code   RO         2974    i.USART_ReceiveData  stm32f10x_usart.o
    0x0800617a   0x0800617a   0x00000008   Code   RO         2977    i.USART_SendData    stm32f10x_usart.o
    0x08006182   0x08006182   0x00000004   Code   RO         4640    i.UsageFault_Handler  stm32f10x_it.o
    0x08006186   0x08006186   0x00000008   Code   RO         4398    i.W25Q64_Init       w25q64.o
    0x0800618e   0x0800618e   0x00000058   Code   RO         4399    i.W25Q64_PageProgram  w25q64.o
    0x080061e6   0x080061e6   0x00000056   Code   RO         4400    i.W25Q64_ReadData   w25q64.o
    0x0800623c   0x0800623c   0x0000003e   Code   RO         4401    i.W25Q64_ReadID     w25q64.o
    0x0800627a   0x0800627a   0x00000032   Code   RO         4402    i.W25Q64_SectorErase  w25q64.o
    0x080062ac   0x080062ac   0x00000030   Code   RO         4403    i.W25Q64_WaitBusy   w25q64.o
    0x080062dc   0x080062dc   0x00000012   Code   RO         4404    i.W25Q64_WriteEnable  w25q64.o
    0x080062ee   0x080062ee   0x00000002   PAD
    0x080062f0   0x080062f0   0x00000220   Code   RO         3623    i.Weather_Parse     menu.o
    0x08006510   0x08006510   0x0000000e   Code   RO         4515    i.Wifi_Task         main.o
    0x0800651e   0x0800651e   0x00000028   Code   RO         5695    i.__ARM_fpclassify  m_ws.l(fpclassify.o)
    0x08006546   0x08006546   0x0000000e   Code   RO         5551    i._is_digit         c_w.l(__printf_wp.o)
    0x08006554   0x08006554   0x00000034   Code   RO         4053    i.getKey            infrared.o
    0x08006588   0x08006588   0x0000001c   Code   RO         4054    i.isBufEmpty        infrared.o
    0x080065a4   0x080065a4   0x0000002c   Code   RO         4055    i.isBufFull         infrared.o
    0x080065d0   0x080065d0   0x00000040   Code   RO         4056    i.isRepeatCode      infrared.o
    0x08006610   0x08006610   0x00000078   Code   RO         4516    i.main              main.o
    0x08006688   0x08006688   0x000000ec   Code   RO         4057    i.parseData         infrared.o
    0x08006774   0x08006774   0x000000c0   Code   RO         4959    i.prvAddCurrentTaskToDelayedList  tasks.o
    0x08006834   0x08006834   0x000000e4   Code   RO         4960    i.prvAddNewTaskToReadyList  tasks.o
    0x08006918   0x08006918   0x00000048   Code   RO         4961    i.prvCheckTasksWaitingTermination  tasks.o
    0x08006960   0x08006960   0x0000006a   Code   RO         4821    i.prvCopyDataToQueue  queue.o
    0x080069ca   0x080069ca   0x00000012   Code   RO         4962    i.prvDeleteTCB      tasks.o
    0x080069dc   0x080069dc   0x00000070   Code   RO         5333    i.prvHeapInit       heap_4.o
    0x08006a4c   0x08006a4c   0x00000028   Code   RO         4963    i.prvIdleTask       tasks.o
    0x08006a74   0x08006a74   0x00000026   Code   RO         4822    i.prvInitialiseNewQueue  queue.o
    0x08006a9a   0x08006a9a   0x0000007a   Code   RO         4964    i.prvInitialiseNewTask  tasks.o
    0x08006b14   0x08006b14   0x00000068   Code   RO         4965    i.prvInitialiseTaskLists  tasks.o
    0x08006b7c   0x08006b7c   0x00000068   Code   RO         5334    i.prvInsertBlockIntoFreeList  heap_4.o
    0x08006be4   0x08006be4   0x0000001e   Code   RO         4824    i.prvIsQueueFull    queue.o
    0x08006c02   0x08006c02   0x00000002   PAD
    0x08006c04   0x08006c04   0x00000030   Code   RO         4966    i.prvResetNextTaskUnblockTime  tasks.o
    0x08006c34   0x08006c34   0x00000016   Code   RO         5264    i.prvTaskExitError  port.o
    0x08006c4a   0x08006c4a   0x0000007e   Code   RO         4825    i.prvUnlockQueue    queue.o
    0x08006cc8   0x08006cc8   0x00000034   Code   RO         4058    i.putKey            infrared.o
    0x08006cfc   0x08006cfc   0x000000e4   Code   RO         5336    i.pvPortMalloc      heap_4.o
    0x08006de0   0x08006de0   0x00000024   Code   RO         5265    i.pxPortInitialiseStack  port.o
    0x08006e04   0x08006e04   0x00000028   Code   RO         4781    i.uxListRemove      list.o
    0x08006e2c   0x08006e2c   0x0000000c   Code   RO         4970    i.uxTaskGetNumberOfTasks  tasks.o
    0x08006e38   0x08006e38   0x0000001a   Code   RO         4782    i.vListInitialise   list.o
    0x08006e52   0x08006e52   0x00000006   Code   RO         4783    i.vListInitialiseItem  list.o
    0x08006e58   0x08006e58   0x00000034   Code   RO         4784    i.vListInsert       list.o
    0x08006e8c   0x08006e8c   0x00000018   Code   RO         4785    i.vListInsertEnd    list.o
    0x08006ea4   0x08006ea4   0x00000024   Code   RO         5267    i.vPortEnterCritical  port.o
    0x08006ec8   0x08006ec8   0x00000020   Code   RO         5268    i.vPortExitCritical  port.o
    0x08006ee8   0x08006ee8   0x0000004c   Code   RO         5337    i.vPortFree         heap_4.o
    0x08006f34   0x08006f34   0x00000014   Code   RO         5269    i.vPortSetupTimerInterrupt  port.o
    0x08006f48   0x08006f48   0x00000034   Code   RO         4974    i.vTaskDelay        tasks.o
    0x08006f7c   0x08006f7c   0x000000d4   Code   RO         4975    i.vTaskDelete       tasks.o
    0x08007050   0x08007050   0x00000018   Code   RO         4978    i.vTaskInternalSetTimeOutState  tasks.o
    0x08007068   0x08007068   0x0000000c   Code   RO         4979    i.vTaskMissedYield  tasks.o
    0x08007074   0x08007074   0x00000020   Code   RO         4980    i.vTaskPlaceOnEventList  tasks.o
    0x08007094   0x08007094   0x0000006c   Code   RO         4986    i.vTaskStartScheduler  tasks.o
    0x08007100   0x08007100   0x00000010   Code   RO         4988    i.vTaskSuspendAll   tasks.o
    0x08007110   0x08007110   0x00000060   Code   RO         4989    i.vTaskSwitchContext  tasks.o
    0x08007170   0x08007170   0x00000034   Code   RO         5270    i.xPortStartScheduler  port.o
    0x080071a4   0x080071a4   0x0000004c   Code   RO         4830    i.xQueueGenericCreate  queue.o
    0x080071f0   0x080071f0   0x000000a0   Code   RO         4831    i.xQueueGenericReset  queue.o
    0x08007290   0x08007290   0x00000118   Code   RO         4832    i.xQueueGenericSend  queue.o
    0x080073a8   0x080073a8   0x00000098   Code   RO         4833    i.xQueueGenericSendFromISR  queue.o
    0x08007440   0x08007440   0x00000060   Code   RO         4991    i.xTaskCheckForTimeOut  tasks.o
    0x080074a0   0x080074a0   0x00000068   Code   RO         4992    i.xTaskCreate       tasks.o
    0x08007508   0x08007508   0x00000190   Code   RO         5001    i.xTaskIncrementTick  tasks.o
    0x08007698   0x08007698   0x00000108   Code   RO         5002    i.xTaskRemoveFromEventList  tasks.o
    0x080077a0   0x080077a0   0x0000015c   Code   RO         5003    i.xTaskResumeAll    tasks.o
    0x080078fc   0x080078fc   0x0000002c   Code   RO         5741    locale$$code        c_w.l(lc_numeric_c.o)
    0x08007928   0x08007928   0x0000002c   Code   RO         5758    locale$$code        c_w.l(lc_ctype_c.o)
    0x08007954   0x08007954   0x00000004   Code   RO         5609    x$fpl$printf1       fz_ws.l(printf1.o)
    0x08007958   0x08007958   0x00000004   Code   RO         5611    x$fpl$printf2       fz_ws.l(printf2.o)
    0x0800795c   0x0800795c   0x00000000   Code   RO         5617    x$fpl$usenofp       fz_ws.l(usenofp.o)
    0x0800795c   0x0800795c   0x00002614   Data   RO         3601    .constdata          oled_data.o
    0x08009f70   0x08009f70   0x00000054   Data   RO         4060    .constdata          infrared.o
    0x08009fc4   0x08009fc4   0x00000008   Data   RO         5510    .constdata          c_w.l(_printf_wctomb.o)
    0x08009fcc   0x08009fcc   0x00000028   Data   RO         5539    .constdata          c_w.l(_printf_hex_int_ll_ptr.o)
    0x08009ff4   0x08009ff4   0x00000011   Data   RO         5559    .constdata          c_w.l(__printf_flags_ss_wp.o)
    0x0800a005   0x0800a005   0x0000000c   Data   RO         5592    .constdata          c_w.l(_monlen.o)
    0x0800a011   0x0800a011   0x00000026   Data   RO         5676    .constdata          c_w.l(_printf_fp_hex.o)
    0x0800a037   0x0800a037   0x00000001   PAD
    0x0800a038   0x0800a038   0x00000094   Data   RO         5716    .constdata          c_w.l(bigflt0.o)
    0x0800a0cc   0x0800a0cc   0x00000071   Data   RO         4061    .conststring        infrared.o
    0x0800a13d   0x0800a13d   0x00000003   PAD
    0x0800a140   0x0800a140   0x0000006e   Data   RO         4479    .conststring        esp8266.o
    0x0800a1ae   0x0800a1ae   0x00000002   PAD
    0x0800a1b0   0x0800a1b0   0x00000020   Data   RO         5890    Region$$Table       anon$$obj.o
    0x0800a1d0   0x0800a1d0   0x0000001c   Data   RO         5740    locale$$data        c_w.l(lc_numeric_c.o)
    0x0800a1ec   0x0800a1ec   0x00000110   Data   RO         5757    locale$$data        c_w.l(lc_ctype_c.o)


    Execution Region RW_IRAM1 (Exec base: 0x20000000, Load base: 0x0800a2fc, Size: 0x000041a0, Max: 0x00005000, ABSOLUTE)

    Exec Addr    Load Addr    Size         Type   Attr      Idx    E Section Name        Object

    0x20000000   0x0800a2fc   0x00000014   Data   RW           28    .data               system_stm32f10x.o
    0x20000014   0x0800a310   0x00000014   Data   RW         1805    .data               stm32f10x_rcc.o
    0x20000028   0x0800a324   0x0000000e   Data   RW         3220    .data               myrtc.o
    0x20000036   0x0800a332   0x00000004   Data   RW         3625    .data               menu.o
    0x2000003a   0x0800a336   0x00000002   PAD
    0x2000003c   0x0800a338   0x0000000f   Data   RW         3796    .data               key.o
    0x2000004b   0x0800a347   0x00000001   PAD
    0x2000004c   0x0800a348   0x00000006   Data   RW         4033    .data               ad.o
    0x20000052   0x0800a34e   0x00000002   PAD
    0x20000054   0x0800a350   0x00000013   Data   RW         4062    .data               infrared.o
    0x20000067   0x0800a363   0x00000001   PAD
    0x20000068   0x0800a364   0x00000007   Data   RW         4148    .data               serial.o
    0x2000006f   0x0800a36b   0x00000001   PAD
    0x20000070   0x0800a36c   0x00000010   Data   RW         4480    .data               esp8266.o
    0x20000080   0x0800a37c   0x00000028   Data   RW         4517    .data               main.o
    0x200000a8   0x0800a3a4   0x00000040   Data   RW         5006    .data               tasks.o
    0x200000e8   0x0800a3e4   0x00000004   Data   RW         5271    .data               port.o
    0x200000ec   0x0800a3e8   0x0000001c   Data   RW         5343    .data               heap_4.o
    0x20000108   0x0800a404   0x00000004   Data   RW         5407    .data               c_w.l(strtok.o)
    0x2000010c        -       0x00000400   Zero   RW         3310    .bss                store.o
    0x2000050c        -       0x00000400   Zero   RW         3391    .bss                oled.o
    0x2000090c        -       0x0000000a   Zero   RW         3624    .bss                menu.o
    0x20000916   0x0800a408   0x00000002   PAD
    0x20000918        -       0x00000120   Zero   RW         4059    .bss                infrared.o
    0x20000a38        -       0x00000800   Zero   RW         4147    .bss                serial.o
    0x20001238        -       0x000000dc   Zero   RW         5005    .bss                tasks.o
    0x20001314        -       0x00002800   Zero   RW         5342    .bss                heap_4.o
    0x20003b14        -       0x0000002c   Zero   RW         5424    .bss                c_w.l(localtime.o)
    0x20003b40        -       0x00000060   Zero   RW         5700    .bss                c_w.l(libspace.o)
    0x20003ba0        -       0x00000200   Zero   RW            2    HEAP                startup_stm32f10x_md.o
    0x20003da0        -       0x00000400   Zero   RW            1    STACK               startup_stm32f10x_md.o


==============================================================================

Image component sizes


      Code (inc. data)   RO Data    RW Data    ZI Data      Debug   Object Name

       320         22          0          6          0       1161   ad.o
         0          0          0          0          0       4500   core_cm3.o
        24          0          0          0          0        467   delay.o
       406         18          0          0          0       3560   dht11.o
        88         24          0          0          0        874   dwt.o
      2300       1128        110         16          0       2392   esp8266.o
         0          0          0          0          0      14440   event_groups.o
       144         14          0          0          0       1289   feng.o
       520         58          0         28      10240       4327   heap_4.o
      1160        142        197         19        288       7155   infrared.o
       332         58          0         15          0       2194   key.o
        84         14          0          0          0       1252   led.o
       148          0          0          0          0       2994   list.o
       476        116          0         40          0      14051   main.o
      3064        672          0          4         10      18056   menu.o
       132         22          0          0          0     215803   misc.o
        50          0          0          0          0       1517   myflash.o
       266         10          0         14          0       2939   myrtc.o
       292         22          0          0          0       2426   myspi.o
      1776         58          0          0       1024      13472   oled.o
         0          0       9748          0          0       1538   oled_data.o
       400         50          0          4          0       8432   port.o
       220          4          0          0          0       1097   pwm.o
       968          8          0          0          0      10842   queue.o
       874         70          0          7       2048     243654   serial.o
        64         26        236          0       1536        808   startup_stm32f10x_md.o
       390         10          0          0          0      17521   stm32f10x_adc.o
        56         10          0          0          0       2043   stm32f10x_bkp.o
        84          0          0          0          0      12389   stm32f10x_dma.o
       200         18          0          0          0       4016   stm32f10x_exti.o
       274         30          0          0          0       9422   stm32f10x_flash.o
       378          4          0          0          0      12798   stm32f10x_gpio.o
        20          0          0          0          0       2417   stm32f10x_it.o
        12          6          0          0          0        462   stm32f10x_pwr.o
       472         64          0         20          0      15904   stm32f10x_rcc.o
       176         34          0          0          0       3171   stm32f10x_rtc.o
       112          0          0          0          0      10382   stm32f10x_spi.o
       446         62          0          0          0      26608   stm32f10x_tim.o
       472          6          0          0          0      12335   stm32f10x_usart.o
       100         10          0          0       1024       1094   store.o
       328         28          0         20          0      56029   system_stm32f10x.o
      2600        356          0         64        220      29542   tasks.o
       124          0          0          0          0        533   timer.o
       360          4          0          0          0       4077   w25q64.o

    ----------------------------------------------------------------------
     20744       3178      10328        264      16392     801983   Object Totals
         0          0         32          0          0          0   (incl. Generated)
        32          0          5          7          2          0   (incl. Padding)

    ----------------------------------------------------------------------

      Code (inc. data)   RO Data    RW Data    ZI Data      Debug   Library Member Name

        60          8          0          0          0         84   __0sscanf.o
         8          0          0          0          0         68   __main.o
       392          4         17          0          0         92   __printf_flags_ss_wp.o
        14          0          0          0          0         68   __printf_wp.o
         0          0          0          0          0          0   __rtentry.o
        12          0          0          0          0          0   __rtentry2.o
         6          0          0          0          0          0   __rtentry4.o
        52          8          0          0          0          0   __scatter.o
        26          0          0          0          0          0   __scatter_copy.o
        28          0          0          0          0          0   __scatter_zi.o
        28          0          0          0          0         68   _chval.o
         0          0         12          0          0          0   _monlen.o
         6          0          0          0          0          0   _printf_a.o
         6          0          0          0          0          0   _printf_c.o
        44          0          0          0          0        108   _printf_char.o
        48          6          0          0          0         96   _printf_char_common.o
        40          0          0          0          0         68   _printf_charcount.o
         6          0          0          0          0          0   _printf_d.o
       120         16          0          0          0         92   _printf_dec.o
         6          0          0          0          0          0   _printf_e.o
         6          0          0          0          0          0   _printf_f.o
      1054          0          0          0          0        216   _printf_fp_dec.o
       764          8         38          0          0        100   _printf_fp_hex.o
       128         16          0          0          0         84   _printf_fp_infnan.o
         6          0          0          0          0          0   _printf_g.o
       148          4         40          0          0        160   _printf_hex_int_ll_ptr.o
         6          0          0          0          0          0   _printf_i.o
       178          0          0          0          0         88   _printf_intcommon.o
        10          0          0          0          0          0   _printf_l.o
         6          0          0          0          0          0   _printf_lc.o
        10          0          0          0          0          0   _printf_ll.o
         6          0          0          0          0          0   _printf_lld.o
         6          0          0          0          0          0   _printf_lli.o
         6          0          0          0          0          0   _printf_llo.o
         6          0          0          0          0          0   _printf_llu.o
         6          0          0          0          0          0   _printf_llx.o
       124         16          0          0          0         92   _printf_longlong_dec.o
         6          0          0          0          0          0   _printf_ls.o
         6          0          0          0          0          0   _printf_n.o
         6          0          0          0          0          0   _printf_o.o
       112         10          0          0          0        124   _printf_oct_int_ll.o
         6          0          0          0          0          0   _printf_p.o
        78          0          0          0          0        108   _printf_pad.o
         0          0          0          0          0          0   _printf_percent.o
         4          0          0          0          0          0   _printf_percent_end.o
         6          0          0          0          0          0   _printf_s.o
        82          0          0          0          0         80   _printf_str.o
        36          0          0          0          0         84   _printf_truncate.o
         6          0          0          0          0          0   _printf_u.o
        44          0          0          0          0        108   _printf_wchar.o
       188          6          8          0          0         92   _printf_wctomb.o
         6          0          0          0          0          0   _printf_x.o
       884          6          0          0          0        100   _scanf.o
       332          0          0          0          0         96   _scanf_int.o
       342          0          0          0          0        100   _scanf_longlong.o
        64          0          0          0          0         84   _sgetc.o
        10          0          0          0          0         68   _sputc.o
        64          0          0          0          0         92   _wcrtomb.o
       228          4        148          0          0         96   bigflt0.o
      1936        128          0          0          0        672   btod.o
        18          0          0          0          0         80   exit.o
         6          0          0          0          0        152   heapauxi.o
         0          0          0          0          0          0   indicate_semi.o
        18          0          0          0          0         76   isspace.o
        44         10        272          0          0         76   lc_ctype_c.o
        44         10         28          0          0         76   lc_numeric_c.o
         2          0          0          0          0          0   libinit.o
        30          0          0          0          0          0   libinit2.o
         2          0          0          0          0          0   libshutdown.o
         2          0          0          0          0          0   libshutdown2.o
         8          4          0          0         96         68   libspace.o
        72          0          0          0          0         76   llsdiv.o
       138          0          0          0          0         80   lludiv10.o
       238          0          0          0          0        100   lludivv7m.o
        12          6          0          0         44         68   localtime.o
       184          6          0          0          0         80   localtime_internal.o
       428         10          0          0          0        116   mktime.o
        16          4          0          0          0         76   rt_ctype_table.o
         8          4          0          0          0         68   rt_locale_intlibspace.o
        68          0          0          0          0         68   rt_memclr.o
        78          0          0          0          0         80   rt_memclr_w.o
       138          0          0          0          0         68   rt_memcpy_v6.o
       100          0          0          0          0         80   rt_memcpy_w.o
         2          0          0          0          0          0   rtexit.o
        10          0          0          0          0          0   rtexit2.o
        44          8          0          0          0         84   scanf_char.o
       128          0          0          0          0         68   strcmpv7m.o
        72          0          0          0          0         80   strcpy.o
        32          0          0          0          0         80   strcspn.o
        28          0          0          0          0         80   strspn.o
        36          0          0          0          0         80   strstr.o
        12          6          0          4          0         68   strtok.o
        68          4          0          0          0         84   strtok_int.o
        12          4          0          0          0         68   sys_exit.o
        74          0          0          0          0         80   sys_stackheap_outer.o
         2          0          0          0          0         68   use_no_semi.o
        36          4          0          0          0         76   vsprintf.o
         4          0          0          0          0         68   printf1.o
         4          0          0          0          0         68   printf2.o
         0          0          0          0          0          0   usenofp.o
        40          0          0          0          0         68   fpclassify.o

    ----------------------------------------------------------------------
     10088        320        564          4        140       5996   Library Totals
        12          0          1          0          0          0   (incl. Padding)

    ----------------------------------------------------------------------

      Code (inc. data)   RO Data    RW Data    ZI Data      Debug   Library Name

     10028        320        563          4        140       5792   c_w.l
         8          0          0          0          0        136   fz_ws.l
        40          0          0          0          0         68   m_ws.l

    ----------------------------------------------------------------------
     10088        320        564          4        140       5996   Library Totals

    ----------------------------------------------------------------------

==============================================================================


      Code (inc. data)   RO Data    RW Data    ZI Data      Debug   

     30832       3498      10892        268      16532     792947   Grand Totals
     30832       3498      10892        268      16532     792947   ELF Image Totals
     30832       3498      10892        268          0          0   ROM Totals

==============================================================================

    Total RO  Size (Code + RO Data)                41724 (  40.75kB)
    Total RW  Size (RW Data + ZI Data)             16800 (  16.41kB)
    Total ROM Size (Code + RO Data + RW Data)      41992 (  41.01kB)

==============================================================================

